GPU startup 56908532 ms: vkCreateInstance begin
GPU startup 56908557 ms: vkCreateInstance complete
GPU startup 56908557 ms: device enumeration begin
GPU startup 56908567 ms: device enumeration complete
GPU startup 56908567 ms: Intel(R) HD Graphics 630 (KBL GT2)
GPU startup 56908567 ms: vkCreateDevice begin
GPU startup 56908569 ms: vkCreateDevice complete
GPU startup 56908569 ms: glslang initialization begin
GPU startup 56908570 ms: glslang initialization complete
GPU startup 56908570 ms: buffer allocations begin
GPU startup 56908570 ms: direct mapped device memory selected
GPU startup 56908570 ms: buffer allocations complete
GPU startup 56908570 ms: VkFFT plan begin length=1000 batches=961
GPU startup 56908703 ms: VkFFT plan complete result=0
GPU startup 56908703 ms: VkFFT plan begin length=1000 batches=961
GPU startup 56908749 ms: VkFFT plan complete result=0
GPU startup 56908749 ms: VkFFT plan begin length=961 batches=256
GPU startup 56908844 ms: VkFFT plan complete result=0
GPU startup 56908844 ms: multiply kernel begin
GPU startup 56908846 ms: gather kernel begin
GPU startup 56908848 ms: clutter pipeline begin
GPU startup 56908848 ms: clutter direct mapped device memory selected
GPU startup 56908848 ms: VkFFT plan begin length=480000 batches=1
GPU startup 56909077 ms: VkFFT plan complete result=0
GPU startup 56909077 ms: VkFFT plan begin length=480000 batches=1
GPU startup 56909291 ms: VkFFT plan complete result=0
GPU startup 56909291 ms: VkFFT plan begin length=480000 batches=1
GPU startup 56909509 ms: VkFFT plan complete result=0
GPU startup 56909509 ms: VkFFT plan begin length=480000 batches=1
GPU startup 56909726 ms: VkFFT plan complete result=0
GPU startup 56909726 ms: VkFFT plan begin length=486000 batches=1
GPU startup 56909985 ms: VkFFT plan complete result=0
GPU startup 56909985 ms: VkFFT plan begin length=486000 batches=1
GPU startup 56910245 ms: VkFFT plan complete result=0
GPU startup 56910245 ms: VkFFT plan begin length=486000 batches=1
GPU startup 56910503 ms: VkFFT plan complete result=0
GPU startup 56910508 ms: clutter pipeline complete
GPU allocation budget used=102361524 peak=102366804 limit=2147483648
GPU startup 56910508 ms: backend ready
Acceleration: Vulkan / Intel(R) HD Graphics 630 (KBL GT2)
