GPU startup 56797002 ms: vkCreateInstance begin
GPU startup 56797027 ms: vkCreateInstance complete
GPU startup 56797027 ms: device enumeration begin
GPU startup 56797037 ms: device enumeration complete
GPU startup 56797037 ms: AMD Radeon 500 Series (RADV POLARIS12)
GPU startup 56797037 ms: vkCreateDevice begin
GPU startup 56797038 ms: vkCreateDevice complete
GPU startup 56797038 ms: glslang initialization begin
GPU startup 56797038 ms: glslang initialization complete
GPU startup 56797038 ms: buffer allocations begin
GPU startup 56797038 ms: persistent staging selected
GPU startup 56797038 ms: buffer allocations complete
GPU startup 56797038 ms: VkFFT plan begin length=3000 batches=321
GPU startup 56797176 ms: VkFFT plan complete result=0
GPU startup 56797176 ms: VkFFT plan begin length=3000 batches=321
GPU startup 56797233 ms: VkFFT plan complete result=0
GPU startup 56797233 ms: VkFFT plan begin length=321 batches=256
GPU startup 56797402 ms: VkFFT plan complete result=0
GPU startup 56797402 ms: multiply kernel begin
GPU startup 56797404 ms: gather kernel begin
GPU startup 56797407 ms: clutter pipeline begin
GPU startup 56797407 ms: VkFFT plan begin length=480000 batches=1
GPU startup 56797506 ms: VkFFT plan complete result=0
GPU startup 56797506 ms: VkFFT plan begin length=480000 batches=1
GPU startup 56797606 ms: VkFFT plan complete result=0
GPU startup 56797606 ms: VkFFT plan begin length=480000 batches=1
GPU startup 56797706 ms: VkFFT plan complete result=0
GPU startup 56797706 ms: VkFFT plan begin length=480000 batches=1
GPU startup 56797805 ms: VkFFT plan complete result=0
GPU startup 56797805 ms: VkFFT plan begin length=486000 batches=1
GPU startup 56797964 ms: VkFFT plan complete result=0
GPU startup 56797964 ms: VkFFT plan begin length=486000 batches=1
GPU startup 56798124 ms: VkFFT plan complete result=0
GPU startup 56798124 ms: VkFFT plan begin length=486000 batches=1
GPU startup 56798282 ms: VkFFT plan complete result=0
GPU startup 56798290 ms: clutter pipeline complete
GPU allocation budget used=128662384 peak=128667664 limit=469762048
GPU startup 56798290 ms: backend ready
Acceleration: Vulkan / AMD Radeon 500 Series (RADV POLARIS12)
