GPU startup 56958899 ms: vkCreateInstance begin
GPU startup 56958924 ms: vkCreateInstance complete
GPU startup 56958924 ms: device enumeration begin
GPU startup 56958933 ms: device enumeration complete
GPU startup 56958933 ms: Intel(R) HD Graphics 630 (KBL GT2)
GPU startup 56958933 ms: vkCreateDevice begin
GPU startup 56958935 ms: vkCreateDevice complete
GPU startup 56958935 ms: glslang initialization begin
GPU startup 56958935 ms: glslang initialization complete
GPU startup 56958935 ms: buffer allocations begin
GPU startup 56958935 ms: direct mapped device memory selected
GPU startup 56958935 ms: buffer allocations complete
GPU startup 56958936 ms: VkFFT plan begin length=500 batches=1921
GPU startup 56959066 ms: VkFFT plan complete result=0
GPU startup 56959066 ms: VkFFT plan begin length=500 batches=1921
GPU startup 56959108 ms: VkFFT plan complete result=0
GPU startup 56959108 ms: VkFFT plan begin length=1921 batches=256
GPU startup 56959413 ms: VkFFT plan complete result=0
GPU startup 56959413 ms: multiply kernel begin
GPU startup 56959415 ms: gather kernel begin
GPU startup 56959416 ms: clutter pipeline begin
GPU startup 56959417 ms: clutter direct mapped device memory selected
GPU startup 56959417 ms: VkFFT plan begin length=480000 batches=1
GPU startup 56959641 ms: VkFFT plan complete result=0
GPU startup 56959641 ms: VkFFT plan begin length=480000 batches=1
GPU startup 56959856 ms: VkFFT plan complete result=0
GPU startup 56959856 ms: VkFFT plan begin length=480000 batches=1
GPU startup 56960074 ms: VkFFT plan complete result=0
GPU startup 56960075 ms: VkFFT plan begin length=480000 batches=1
GPU startup 56960292 ms: VkFFT plan complete result=0
GPU startup 56960292 ms: VkFFT plan begin length=486000 batches=1
GPU startup 56960552 ms: VkFFT plan complete result=0
GPU startup 56960552 ms: VkFFT plan begin length=486000 batches=1
GPU startup 56960810 ms: VkFFT plan complete result=0
GPU startup 56960810 ms: VkFFT plan begin length=486000 batches=1
GPU startup 56961070 ms: VkFFT plan complete result=0
GPU startup 56961075 ms: clutter pipeline complete
GPU allocation budget used=104321208 peak=104326488 limit=2147483648
GPU startup 56961075 ms: backend ready
Acceleration: Vulkan / Intel(R) HD Graphics 630 (KBL GT2)
