GPU startup 56881258 ms: vkCreateInstance begin
GPU startup 56881282 ms: vkCreateInstance complete
GPU startup 56881282 ms: device enumeration begin
GPU startup 56881292 ms: device enumeration complete
GPU startup 56881292 ms: AMD Radeon 500 Series (RADV POLARIS12)
GPU startup 56881292 ms: vkCreateDevice begin
GPU startup 56881292 ms: vkCreateDevice complete
GPU startup 56881293 ms: glslang initialization begin
GPU startup 56881293 ms: glslang initialization complete
GPU startup 56881293 ms: buffer allocations begin
GPU startup 56881293 ms: persistent staging selected
GPU startup 56881293 ms: buffer allocations complete
GPU startup 56881293 ms: VkFFT plan begin length=1000 batches=961
GPU startup 56881422 ms: VkFFT plan complete result=0
GPU startup 56881422 ms: VkFFT plan begin length=1000 batches=961
GPU startup 56881469 ms: VkFFT plan complete result=0
GPU startup 56881469 ms: VkFFT plan begin length=961 batches=256
GPU startup 56881563 ms: VkFFT plan complete result=0
GPU startup 56881563 ms: multiply kernel begin
GPU startup 56881565 ms: gather kernel begin
GPU startup 56881567 ms: clutter pipeline begin
GPU startup 56881568 ms: VkFFT plan begin length=480000 batches=1
GPU startup 56881668 ms: VkFFT plan complete result=0
GPU startup 56881668 ms: VkFFT plan begin length=480000 batches=1
GPU startup 56881769 ms: VkFFT plan complete result=0
GPU startup 56881769 ms: VkFFT plan begin length=480000 batches=1
GPU startup 56881869 ms: VkFFT plan complete result=0
GPU startup 56881869 ms: VkFFT plan begin length=480000 batches=1
GPU startup 56881970 ms: VkFFT plan complete result=0
GPU startup 56881970 ms: VkFFT plan begin length=486000 batches=1
GPU startup 56882131 ms: VkFFT plan complete result=0
GPU startup 56882131 ms: VkFFT plan begin length=486000 batches=1
GPU startup 56882294 ms: VkFFT plan complete result=0
GPU startup 56882294 ms: VkFFT plan begin length=486000 batches=1
GPU startup 56882453 ms: VkFFT plan complete result=0
GPU startup 56882461 ms: clutter pipeline complete
GPU allocation budget used=131209840 peak=131215120 limit=469762048
GPU startup 56882461 ms: backend ready
Acceleration: Vulkan / AMD Radeon 500 Series (RADV POLARIS12)
