GPU startup 56902975 ms: vkCreateInstance begin
GPU startup 56903000 ms: vkCreateInstance complete
GPU startup 56903000 ms: device enumeration begin
GPU startup 56903010 ms: device enumeration complete
GPU startup 56903010 ms: AMD Radeon 500 Series (RADV POLARIS12)
GPU startup 56903010 ms: vkCreateDevice begin
GPU startup 56903011 ms: vkCreateDevice complete
GPU startup 56903011 ms: glslang initialization begin
GPU startup 56903011 ms: glslang initialization complete
GPU startup 56903011 ms: buffer allocations begin
GPU startup 56903011 ms: persistent staging selected
GPU startup 56903011 ms: buffer allocations complete
GPU startup 56903011 ms: VkFFT plan begin length=1000 batches=961
GPU startup 56903140 ms: VkFFT plan complete result=0
GPU startup 56903140 ms: VkFFT plan begin length=1000 batches=961
GPU startup 56903187 ms: VkFFT plan complete result=0
GPU startup 56903187 ms: VkFFT plan begin length=961 batches=256
GPU startup 56903280 ms: VkFFT plan complete result=0
GPU startup 56903280 ms: multiply kernel begin
GPU startup 56903282 ms: gather kernel begin
GPU startup 56903285 ms: clutter pipeline begin
GPU startup 56903285 ms: clutter persistent staging selected
GPU startup 56903285 ms: VkFFT plan begin length=480000 batches=1
GPU startup 56903386 ms: VkFFT plan complete result=0
GPU startup 56903386 ms: VkFFT plan begin length=480000 batches=1
GPU startup 56903484 ms: VkFFT plan complete result=0
GPU startup 56903484 ms: VkFFT plan begin length=480000 batches=1
GPU startup 56903585 ms: VkFFT plan complete result=0
GPU startup 56903585 ms: VkFFT plan begin length=480000 batches=1
GPU startup 56903685 ms: VkFFT plan complete result=0
GPU startup 56903685 ms: VkFFT plan begin length=486000 batches=1
GPU startup 56903847 ms: VkFFT plan complete result=0
GPU startup 56903847 ms: VkFFT plan begin length=486000 batches=1
GPU startup 56904014 ms: VkFFT plan complete result=0
GPU startup 56904014 ms: VkFFT plan begin length=486000 batches=1
GPU startup 56904172 ms: VkFFT plan complete result=0
GPU startup 56904180 ms: clutter pipeline complete
GPU allocation budget used=131209840 peak=131215120 limit=469762048
GPU startup 56904180 ms: backend ready
Acceleration: Vulkan / AMD Radeon 500 Series (RADV POLARIS12)
