GPU startup 56943793 ms: vkCreateInstance begin
GPU startup 56943818 ms: vkCreateInstance complete
GPU startup 56943818 ms: device enumeration begin
GPU startup 56943828 ms: device enumeration complete
GPU startup 56943828 ms: AMD Radeon 500 Series (RADV POLARIS12)
GPU startup 56943828 ms: vkCreateDevice begin
GPU startup 56943829 ms: vkCreateDevice complete
GPU startup 56943829 ms: glslang initialization begin
GPU startup 56943829 ms: glslang initialization complete
GPU startup 56943829 ms: buffer allocations begin
GPU startup 56943830 ms: persistent staging selected
GPU startup 56943830 ms: buffer allocations complete
GPU startup 56943830 ms: VkFFT plan begin length=500 batches=1921
GPU startup 56943966 ms: VkFFT plan complete result=0
GPU startup 56943966 ms: VkFFT plan begin length=500 batches=1921
GPU startup 56944019 ms: VkFFT plan complete result=0
GPU startup 56944019 ms: VkFFT plan begin length=1921 batches=256
GPU startup 56944323 ms: VkFFT plan complete result=0
GPU startup 56944323 ms: multiply kernel begin
GPU startup 56944325 ms: gather kernel begin
GPU startup 56944328 ms: clutter pipeline begin
GPU startup 56944328 ms: clutter persistent staging selected
GPU startup 56944328 ms: VkFFT plan begin length=480000 batches=1
GPU startup 56944429 ms: VkFFT plan complete result=0
GPU startup 56944429 ms: VkFFT plan begin length=480000 batches=1
GPU startup 56944528 ms: VkFFT plan complete result=0
GPU startup 56944528 ms: VkFFT plan begin length=480000 batches=1
GPU startup 56944627 ms: VkFFT plan complete result=0
GPU startup 56944627 ms: VkFFT plan begin length=480000 batches=1
GPU startup 56944727 ms: VkFFT plan complete result=0
GPU startup 56944727 ms: VkFFT plan begin length=486000 batches=1
GPU startup 56944884 ms: VkFFT plan complete result=0
GPU startup 56944884 ms: VkFFT plan begin length=486000 batches=1
GPU startup 56945043 ms: VkFFT plan complete result=0
GPU startup 56945043 ms: VkFFT plan begin length=486000 batches=1
GPU startup 56945200 ms: VkFFT plan complete result=0
GPU startup 56945208 ms: clutter pipeline complete
GPU allocation budget used=135135648 peak=135140928 limit=469762048
GPU startup 56945208 ms: backend ready
Acceleration: Vulkan / AMD Radeon 500 Series (RADV POLARIS12)
