GPU startup 56874369 ms: vkCreateInstance begin
GPU startup 56874393 ms: vkCreateInstance complete
GPU startup 56874393 ms: device enumeration begin
GPU startup 56874403 ms: device enumeration complete
GPU startup 56874403 ms: AMD Radeon 500 Series (RADV POLARIS12)
GPU startup 56874403 ms: vkCreateDevice begin
GPU startup 56874404 ms: vkCreateDevice complete
GPU startup 56874404 ms: glslang initialization begin
GPU startup 56874404 ms: glslang initialization complete
GPU startup 56874404 ms: buffer allocations begin
GPU startup 56874405 ms: persistent staging selected
GPU startup 56874405 ms: buffer allocations complete
GPU startup 56874405 ms: VkFFT plan begin length=1000 batches=961
GPU startup 56874534 ms: VkFFT plan complete result=0
GPU startup 56874534 ms: VkFFT plan begin length=1000 batches=961
GPU startup 56874581 ms: VkFFT plan complete result=0
GPU startup 56874581 ms: VkFFT plan begin length=961 batches=256
GPU startup 56874675 ms: VkFFT plan complete result=0
GPU startup 56874675 ms: multiply kernel begin
GPU startup 56874677 ms: gather kernel begin
GPU startup 56874679 ms: clutter pipeline begin
GPU startup 56874680 ms: VkFFT plan begin length=480000 batches=1
GPU startup 56874781 ms: VkFFT plan complete result=0
GPU startup 56874781 ms: VkFFT plan begin length=480000 batches=1
GPU startup 56874881 ms: VkFFT plan complete result=0
GPU startup 56874881 ms: VkFFT plan begin length=480000 batches=1
GPU startup 56874981 ms: VkFFT plan complete result=0
GPU startup 56874981 ms: VkFFT plan begin length=480000 batches=1
GPU startup 56875082 ms: VkFFT plan complete result=0
GPU startup 56875082 ms: VkFFT plan begin length=486000 batches=1
GPU startup 56875241 ms: VkFFT plan complete result=0
GPU startup 56875241 ms: VkFFT plan begin length=486000 batches=1
GPU startup 56875402 ms: VkFFT plan complete result=0
GPU startup 56875402 ms: VkFFT plan begin length=486000 batches=1
GPU startup 56875560 ms: VkFFT plan complete result=0
GPU startup 56875567 ms: clutter pipeline complete
GPU allocation budget used=131209840 peak=131215120 limit=469762048
GPU startup 56875567 ms: backend ready
Acceleration: Vulkan / AMD Radeon 500 Series (RADV POLARIS12)
