GPU startup 56935509 ms: vkCreateInstance begin
GPU startup 56935533 ms: vkCreateInstance complete
GPU startup 56935533 ms: device enumeration begin
GPU startup 56935543 ms: device enumeration complete
GPU startup 56935543 ms: Intel(R) HD Graphics 630 (KBL GT2)
GPU startup 56935543 ms: vkCreateDevice begin
GPU startup 56935545 ms: vkCreateDevice complete
GPU startup 56935545 ms: glslang initialization begin
GPU startup 56935545 ms: glslang initialization complete
GPU startup 56935545 ms: buffer allocations begin
GPU startup 56935545 ms: direct mapped device memory selected
GPU startup 56935545 ms: buffer allocations complete
GPU startup 56935545 ms: VkFFT plan begin length=500 batches=1921
GPU startup 56935674 ms: VkFFT plan complete result=0
GPU startup 56935674 ms: VkFFT plan begin length=500 batches=1921
GPU startup 56935717 ms: VkFFT plan complete result=0
GPU startup 56935717 ms: VkFFT plan begin length=1921 batches=256
GPU startup 56936024 ms: VkFFT plan complete result=0
GPU startup 56936024 ms: multiply kernel begin
GPU startup 56936025 ms: gather kernel begin
GPU startup 56936027 ms: clutter pipeline begin
GPU startup 56936027 ms: clutter direct mapped device memory selected
GPU startup 56936028 ms: VkFFT plan begin length=480000 batches=1
GPU startup 56936252 ms: VkFFT plan complete result=0
GPU startup 56936252 ms: VkFFT plan begin length=480000 batches=1
GPU startup 56936468 ms: VkFFT plan complete result=0
GPU startup 56936468 ms: VkFFT plan begin length=480000 batches=1
GPU startup 56936683 ms: VkFFT plan complete result=0
GPU startup 56936683 ms: VkFFT plan begin length=480000 batches=1
GPU startup 56936901 ms: VkFFT plan complete result=0
GPU startup 56936901 ms: VkFFT plan begin length=486000 batches=1
GPU startup 56937158 ms: VkFFT plan complete result=0
GPU startup 56937158 ms: VkFFT plan begin length=486000 batches=1
GPU startup 56937416 ms: VkFFT plan complete result=0
GPU startup 56937416 ms: VkFFT plan begin length=486000 batches=1
GPU startup 56937675 ms: VkFFT plan complete result=0
GPU startup 56937681 ms: clutter pipeline complete
GPU allocation budget used=104321208 peak=104326488 limit=2147483648
GPU startup 56937681 ms: backend ready
Acceleration: Vulkan / Intel(R) HD Graphics 630 (KBL GT2)
