GPU startup 56813964 ms: vkCreateInstance begin
GPU startup 56813989 ms: vkCreateInstance complete
GPU startup 56813989 ms: device enumeration begin
GPU startup 56813999 ms: device enumeration complete
GPU startup 56813999 ms: AMD Radeon 500 Series (RADV POLARIS12)
GPU startup 56813999 ms: vkCreateDevice begin
GPU startup 56814000 ms: vkCreateDevice complete
GPU startup 56814000 ms: glslang initialization begin
GPU startup 56814000 ms: glslang initialization complete
GPU startup 56814000 ms: buffer allocations begin
GPU startup 56814001 ms: persistent staging selected
GPU startup 56814001 ms: buffer allocations complete
GPU startup 56814002 ms: VkFFT plan begin length=3000 batches=321
GPU startup 56814140 ms: VkFFT plan complete result=0
GPU startup 56814140 ms: VkFFT plan begin length=3000 batches=321
GPU startup 56814198 ms: VkFFT plan complete result=0
GPU startup 56814198 ms: VkFFT plan begin length=321 batches=256
GPU startup 56814368 ms: VkFFT plan complete result=0
GPU startup 56814368 ms: multiply kernel begin
GPU startup 56814370 ms: gather kernel begin
GPU startup 56814372 ms: clutter pipeline begin
GPU startup 56814373 ms: clutter persistent staging selected
GPU startup 56814373 ms: VkFFT plan begin length=480000 batches=1
GPU startup 56814473 ms: VkFFT plan complete result=0
GPU startup 56814473 ms: VkFFT plan begin length=480000 batches=1
GPU startup 56814572 ms: VkFFT plan complete result=0
GPU startup 56814572 ms: VkFFT plan begin length=480000 batches=1
GPU startup 56814672 ms: VkFFT plan complete result=0
GPU startup 56814672 ms: VkFFT plan begin length=480000 batches=1
GPU startup 56814774 ms: VkFFT plan complete result=0
GPU startup 56814774 ms: VkFFT plan begin length=486000 batches=1
GPU startup 56814934 ms: VkFFT plan complete result=0
GPU startup 56814934 ms: VkFFT plan begin length=486000 batches=1
GPU startup 56815093 ms: VkFFT plan complete result=0
GPU startup 56815093 ms: VkFFT plan begin length=486000 batches=1
GPU startup 56815254 ms: VkFFT plan complete result=0
GPU startup 56815262 ms: clutter pipeline complete
GPU allocation budget used=128662384 peak=128667664 limit=469762048
GPU startup 56815262 ms: backend ready
Acceleration: Vulkan / AMD Radeon 500 Series (RADV POLARIS12)
