GPU startup 56847660 ms: vkCreateInstance begin
GPU startup 56847684 ms: vkCreateInstance complete
GPU startup 56847684 ms: device enumeration begin
GPU startup 56847694 ms: device enumeration complete
GPU startup 56847694 ms: Intel(R) HD Graphics 630 (KBL GT2)
GPU startup 56847694 ms: vkCreateDevice begin
GPU startup 56847696 ms: vkCreateDevice complete
GPU startup 56847696 ms: glslang initialization begin
GPU startup 56847696 ms: glslang initialization complete
GPU startup 56847696 ms: buffer allocations begin
GPU startup 56847696 ms: direct mapped device memory selected
GPU startup 56847696 ms: buffer allocations complete
GPU startup 56847696 ms: VkFFT plan begin length=1000 batches=961
GPU startup 56847832 ms: VkFFT plan complete result=0
GPU startup 56847832 ms: VkFFT plan begin length=1000 batches=961
GPU startup 56847879 ms: VkFFT plan complete result=0
GPU startup 56847879 ms: VkFFT plan begin length=961 batches=256
GPU startup 56847973 ms: VkFFT plan complete result=0
GPU startup 56847973 ms: multiply kernel begin
GPU startup 56847975 ms: gather kernel begin
GPU startup 56847977 ms: clutter pipeline begin
GPU startup 56847977 ms: clutter direct mapped device memory selected
GPU startup 56847977 ms: VkFFT plan begin length=480000 batches=1
GPU startup 56848208 ms: VkFFT plan complete result=0
GPU startup 56848209 ms: VkFFT plan begin length=480000 batches=1
GPU startup 56848423 ms: VkFFT plan complete result=0
GPU startup 56848423 ms: VkFFT plan begin length=480000 batches=1
GPU startup 56848640 ms: VkFFT plan complete result=0
GPU startup 56848640 ms: VkFFT plan begin length=480000 batches=1
GPU startup 56848856 ms: VkFFT plan complete result=0
GPU startup 56848856 ms: VkFFT plan begin length=486000 batches=1
GPU startup 56849118 ms: VkFFT plan complete result=0
GPU startup 56849118 ms: VkFFT plan begin length=486000 batches=1
GPU startup 56849376 ms: VkFFT plan complete result=0
GPU startup 56849376 ms: VkFFT plan begin length=486000 batches=1
GPU startup 56849636 ms: VkFFT plan complete result=0
GPU startup 56849642 ms: clutter pipeline complete
GPU allocation budget used=102361524 peak=102366804 limit=2147483648
GPU startup 56849642 ms: backend ready
Acceleration: Vulkan / Intel(R) HD Graphics 630 (KBL GT2)
