GPU startup 56754550 ms: vkCreateInstance begin
GPU startup 56754590 ms: vkCreateInstance complete
GPU startup 56754590 ms: device enumeration begin
GPU startup 56754600 ms: device enumeration complete
GPU startup 56754600 ms: AMD Radeon 500 Series (RADV POLARIS12)
GPU startup 56754600 ms: vkCreateDevice begin
GPU startup 56754601 ms: vkCreateDevice complete
GPU startup 56754601 ms: glslang initialization begin
GPU startup 56754601 ms: glslang initialization complete
GPU startup 56754601 ms: buffer allocations begin
GPU startup 56754601 ms: persistent staging selected
GPU startup 56754601 ms: buffer allocations complete
GPU startup 56754601 ms: VkFFT plan begin length=8 batches=4
GPU startup 56754702 ms: VkFFT plan complete result=0
GPU startup 56754702 ms: VkFFT plan begin length=8 batches=12
GPU startup 56754719 ms: VkFFT plan complete result=0
GPU startup 56754719 ms: VkFFT plan begin length=4 batches=6
GPU startup 56754729 ms: VkFFT plan complete result=0
GPU startup 56754729 ms: multiply kernel begin
GPU startup 56754731 ms: gather kernel begin
GPU startup 56754734 ms: clutter pipeline begin
GPU startup 56754735 ms: clutter persistent staging selected
GPU startup 56754735 ms: VkFFT plan begin length=256 batches=1
GPU startup 56754767 ms: VkFFT plan complete result=0
GPU startup 56754767 ms: VkFFT plan begin length=256 batches=3
GPU startup 56754804 ms: VkFFT plan complete result=0
GPU startup 56754804 ms: VkFFT plan begin length=256 batches=1
GPU startup 56754836 ms: VkFFT plan complete result=0
GPU startup 56754836 ms: VkFFT plan begin length=256 batches=3
GPU startup 56754872 ms: VkFFT plan complete result=0
GPU startup 56754872 ms: VkFFT plan begin length=270 batches=1
GPU startup 56754901 ms: VkFFT plan complete result=0
GPU startup 56754901 ms: VkFFT plan begin length=270 batches=3
GPU startup 56754936 ms: VkFFT plan complete result=0
GPU startup 56754936 ms: VkFFT plan begin length=270 batches=3
GPU startup 56754972 ms: VkFFT plan complete result=0
GPU startup 56754979 ms: clutter pipeline complete
GPU allocation budget used=66112 peak=68240 limit=469762048
GPU startup 56754979 ms: backend ready
GPU startup 56754993 ms: vkCreateInstance begin
GPU startup 56755019 ms: vkCreateInstance complete
GPU startup 56755019 ms: device enumeration begin
GPU startup 56755028 ms: device enumeration complete
GPU startup 56755028 ms: AMD Radeon 500 Series (RADV POLARIS12)
GPU startup 56755028 ms: vkCreateDevice begin
GPU startup 56755029 ms: vkCreateDevice complete
GPU startup 56755029 ms: glslang initialization begin
GPU startup 56755029 ms: glslang initialization complete
GPU startup 56755029 ms: buffer allocations begin
GPU startup 56755029 ms: persistent staging selected
GPU startup 56755030 ms: buffer allocations complete
GPU startup 56755030 ms: VkFFT plan begin length=8 batches=4
GPU startup 56755128 ms: VkFFT plan complete result=0
GPU startup 56755128 ms: VkFFT plan begin length=8 batches=12
GPU startup 56755147 ms: VkFFT plan complete result=0
GPU startup 56755147 ms: VkFFT plan begin length=4 batches=6
GPU startup 56755157 ms: VkFFT plan complete result=0
GPU startup 56755157 ms: multiply kernel begin
GPU startup 56755159 ms: gather kernel begin
GPU startup 56755161 ms: clutter pipeline begin
GPU startup 56755162 ms: clutter persistent staging selected
GPU startup 56755162 ms: VkFFT plan begin length=256 batches=1
GPU startup 56755194 ms: VkFFT plan complete result=0
GPU startup 56755194 ms: VkFFT plan begin length=256 batches=3
GPU startup 56755230 ms: VkFFT plan complete result=0
GPU startup 56755230 ms: VkFFT plan begin length=256 batches=1
GPU startup 56755262 ms: VkFFT plan complete result=0
GPU startup 56755262 ms: VkFFT plan begin length=256 batches=3
GPU startup 56755297 ms: VkFFT plan complete result=0
GPU startup 56755297 ms: VkFFT plan begin length=270 batches=1
GPU startup 56755327 ms: VkFFT plan complete result=0
GPU startup 56755327 ms: VkFFT plan begin length=270 batches=3
GPU startup 56755361 ms: VkFFT plan complete result=0
GPU startup 56755361 ms: VkFFT plan begin length=270 batches=3
GPU startup 56755397 ms: VkFFT plan complete result=0
GPU startup 56755404 ms: clutter pipeline complete
GPU allocation budget used=66112 peak=68240 limit=469762048
GPU startup 56755404 ms: backend ready
GPU startup 56755419 ms: vkCreateInstance begin
GPU startup 56755445 ms: vkCreateInstance complete
GPU startup 56755445 ms: device enumeration begin
GPU startup 56755455 ms: device enumeration complete
GPU startup 56755455 ms: AMD Radeon 500 Series (RADV POLARIS12)
GPU startup 56755455 ms: vkCreateDevice begin
GPU startup 56755456 ms: vkCreateDevice complete
GPU startup 56755456 ms: glslang initialization begin
GPU startup 56755456 ms: glslang initialization complete
GPU startup 56755456 ms: buffer allocations begin
GPU startup 56755457 ms: persistent staging selected
GPU startup 56755457 ms: buffer allocations complete
GPU startup 56755457 ms: VkFFT plan begin length=8 batches=4
GPU startup 56755555 ms: VkFFT plan complete result=0
GPU startup 56755555 ms: VkFFT plan begin length=8 batches=12
GPU startup 56755573 ms: VkFFT plan complete result=0
GPU startup 56755573 ms: VkFFT plan begin length=4 batches=6
GPU startup 56755584 ms: VkFFT plan complete result=0
GPU startup 56755584 ms: multiply kernel begin
GPU startup 56755586 ms: gather kernel begin
GPU startup 56755589 ms: clutter pipeline begin
GPU startup 56755589 ms: clutter persistent staging selected
GPU startup 56755589 ms: VkFFT plan begin length=256 batches=1
GPU startup 56755622 ms: VkFFT plan complete result=0
GPU startup 56755622 ms: VkFFT plan begin length=256 batches=3
GPU startup 56755659 ms: VkFFT plan complete result=0
GPU startup 56755659 ms: VkFFT plan begin length=256 batches=1
GPU startup 56755691 ms: VkFFT plan complete result=0
GPU startup 56755691 ms: VkFFT plan begin length=256 batches=3
GPU startup 56755727 ms: VkFFT plan complete result=0
GPU startup 56755727 ms: VkFFT plan begin length=256 batches=1
GPU startup 56755760 ms: VkFFT plan complete result=0
GPU startup 56755760 ms: VkFFT plan begin length=256 batches=3
GPU startup 56755796 ms: VkFFT plan complete result=0
GPU startup 56755796 ms: VkFFT plan begin length=256 batches=3
GPU startup 56755833 ms: VkFFT plan complete result=0
GPU startup 56755840 ms: clutter pipeline complete
GPU allocation budget used=62208 peak=63424 limit=469762048
GPU startup 56755840 ms: backend ready
PASS clutter min=-3 max=5 samples=256 device=4098:27039:1 state=checking active=cpu reason=Checking composed GPU clutter and ambiguity output
PASS clutter min=0 max=8 samples=256 device=4098:27039:1 state=checking active=cpu reason=Checking composed GPU clutter and ambiguity output
GPU clutter validation worst_channel_relative_input_rms=1.58073e-07 worst_channel_relative_filtered_rms=0.00158073
GPU startup 56755854 ms: vkCreateInstance begin
GPU startup 56755879 ms: vkCreateInstance complete
GPU startup 56755879 ms: device enumeration begin
GPU startup 56755890 ms: device enumeration complete
GPU startup 56755890 ms: AMD Radeon 500 Series (RADV POLARIS12)
GPU startup 56755890 ms: vkCreateDevice begin
GPU startup 56755891 ms: vkCreateDevice complete
GPU startup 56755891 ms: glslang initialization begin
GPU startup 56755891 ms: glslang initialization complete
GPU startup 56755891 ms: buffer allocations begin
GPU startup 56755891 ms: persistent staging selected
GPU startup 56755891 ms: buffer allocations complete
GPU startup 56755891 ms: VkFFT plan begin length=8 batches=4
GPU startup 56755990 ms: VkFFT plan complete result=0
GPU startup 56755990 ms: VkFFT plan begin length=8 batches=12
GPU startup 56756008 ms: VkFFT plan complete result=0
GPU startup 56756008 ms: VkFFT plan begin length=4 batches=6
GPU startup 56756018 ms: VkFFT plan complete result=0
GPU startup 56756018 ms: multiply kernel begin
GPU startup 56756020 ms: gather kernel begin
GPU startup 56756023 ms: clutter pipeline begin
GPU startup 56756023 ms: clutter persistent staging selected
GPU startup 56756023 ms: VkFFT plan begin length=250 batches=1
GPU startup 56756064 ms: VkFFT plan complete result=0
GPU startup 56756064 ms: VkFFT plan begin length=250 batches=3
GPU startup 56756115 ms: VkFFT plan complete result=0
GPU startup 56756115 ms: VkFFT plan begin length=250 batches=1
GPU startup 56756157 ms: VkFFT plan complete result=0
GPU startup 56756157 ms: VkFFT plan begin length=250 batches=3
GPU startup 56756207 ms: VkFFT plan complete result=0
GPU startup 56756207 ms: VkFFT plan begin length=250 batches=1
GPU startup 56756248 ms: VkFFT plan complete result=0
GPU startup 56756248 ms: VkFFT plan begin length=250 batches=3
GPU startup 56756298 ms: VkFFT plan complete result=0
GPU startup 56756298 ms: VkFFT plan begin length=250 batches=3
GPU startup 56756348 ms: VkFFT plan complete result=0
GPU startup 56756356 ms: clutter pipeline complete
GPU allocation budget used=65936 peak=67856 limit=469762048
GPU startup 56756356 ms: backend ready
GPU startup 56756370 ms: vkCreateInstance begin
GPU startup 56756395 ms: vkCreateInstance complete
GPU startup 56756395 ms: device enumeration begin
GPU startup 56756406 ms: device enumeration complete
GPU startup 56756406 ms: AMD Radeon 500 Series (RADV POLARIS12)
GPU startup 56756406 ms: vkCreateDevice begin
GPU startup 56756407 ms: vkCreateDevice complete
GPU startup 56756407 ms: glslang initialization begin
GPU startup 56756407 ms: glslang initialization complete
GPU startup 56756407 ms: buffer allocations begin
GPU startup 56756407 ms: persistent staging selected
GPU startup 56756407 ms: buffer allocations complete
GPU startup 56756407 ms: VkFFT plan begin length=8 batches=4
GPU startup 56756507 ms: VkFFT plan complete result=0
GPU startup 56756507 ms: VkFFT plan begin length=8 batches=12
GPU startup 56756524 ms: VkFFT plan complete result=0
GPU startup 56756524 ms: VkFFT plan begin length=4 batches=6
GPU startup 56756534 ms: VkFFT plan complete result=0
GPU startup 56756534 ms: multiply kernel begin
GPU startup 56756536 ms: gather kernel begin
GPU startup 56756539 ms: clutter pipeline begin
GPU startup 56756539 ms: clutter persistent staging selected
GPU startup 56756539 ms: VkFFT plan begin length=256 batches=1
GPU startup 56756571 ms: VkFFT plan complete result=0
GPU startup 56756571 ms: VkFFT plan begin length=256 batches=3
GPU startup 56756607 ms: VkFFT plan complete result=0
GPU startup 56756607 ms: VkFFT plan begin length=256 batches=1
GPU startup 56756639 ms: VkFFT plan complete result=0
GPU startup 56756639 ms: VkFFT plan begin length=256 batches=3
GPU startup 56756676 ms: VkFFT plan complete result=0
GPU startup 56756676 ms: VkFFT plan begin length=270 batches=1
GPU startup 56756705 ms: VkFFT plan complete result=0
GPU startup 56756705 ms: VkFFT plan begin length=270 batches=3
GPU startup 56756741 ms: VkFFT plan complete result=0
GPU startup 56756741 ms: VkFFT plan begin length=270 batches=3
GPU startup 56756776 ms: VkFFT plan complete result=0
GPU startup 56756783 ms: clutter pipeline complete
GPU allocation budget used=66112 peak=68240 limit=469762048
GPU startup 56756783 ms: backend ready
GPU startup 56756799 ms: vkCreateInstance begin
GPU startup 56756824 ms: vkCreateInstance complete
GPU startup 56756824 ms: device enumeration begin
GPU startup 56756834 ms: device enumeration complete
GPU startup 56756834 ms: AMD Radeon 500 Series (RADV POLARIS12)
GPU startup 56756834 ms: vkCreateDevice begin
GPU startup 56756835 ms: vkCreateDevice complete
GPU startup 56756835 ms: glslang initialization begin
GPU startup 56756835 ms: glslang initialization complete
GPU startup 56756835 ms: buffer allocations begin
GPU startup 56756836 ms: persistent staging selected
GPU startup 56756836 ms: buffer allocations complete
GPU startup 56756836 ms: VkFFT plan begin length=8 batches=4
GPU startup 56756934 ms: VkFFT plan complete result=0
GPU startup 56756934 ms: VkFFT plan begin length=8 batches=12
GPU startup 56756952 ms: VkFFT plan complete result=0
GPU startup 56756952 ms: VkFFT plan begin length=4 batches=6
GPU startup 56756962 ms: VkFFT plan complete result=0
GPU startup 56756962 ms: multiply kernel begin
GPU startup 56756964 ms: gather kernel begin
GPU startup 56756967 ms: clutter pipeline begin
GPU startup 56756967 ms: clutter persistent staging selected
GPU startup 56756967 ms: VkFFT plan begin length=64 batches=1
GPU startup 56756992 ms: VkFFT plan complete result=0
GPU startup 56756992 ms: VkFFT plan begin length=64 batches=3
GPU startup 56757021 ms: VkFFT plan complete result=0
GPU startup 56757021 ms: VkFFT plan begin length=64 batches=1
GPU startup 56757046 ms: VkFFT plan complete result=0
GPU startup 56757046 ms: VkFFT plan begin length=64 batches=3
GPU startup 56757075 ms: VkFFT plan complete result=0
GPU startup 56757075 ms: VkFFT plan begin length=128 batches=1
GPU startup 56757105 ms: VkFFT plan complete result=0
GPU startup 56757105 ms: VkFFT plan begin length=128 batches=3
GPU startup 56757140 ms: VkFFT plan complete result=0
GPU startup 56757140 ms: VkFFT plan begin length=128 batches=3
GPU startup 56757176 ms: VkFFT plan complete result=0
GPU startup 56757184 ms: clutter pipeline complete
GPU allocation budget used=25280 peak=25984 limit=469762048
GPU startup 56757184 ms: backend ready
GPU startup 56757201 ms: vkCreateInstance begin
GPU startup 56757227 ms: vkCreateInstance complete
GPU startup 56757227 ms: device enumeration begin
GPU startup 56757237 ms: device enumeration complete
GPU startup 56757237 ms: AMD Radeon 500 Series (RADV POLARIS12)
GPU startup 56757237 ms: vkCreateDevice begin
GPU startup 56757237 ms: vkCreateDevice complete
GPU startup 56757238 ms: glslang initialization begin
GPU startup 56757238 ms: glslang initialization complete
GPU startup 56757238 ms: buffer allocations begin
GPU startup 56757238 ms: persistent staging selected
GPU startup 56757238 ms: buffer allocations complete
GPU startup 56757238 ms: VkFFT plan begin length=8 batches=4
GPU startup 56757337 ms: VkFFT plan complete result=0
GPU startup 56757337 ms: VkFFT plan begin length=8 batches=8
GPU startup 56757354 ms: VkFFT plan complete result=0
GPU startup 56757354 ms: VkFFT plan begin length=4 batches=4
GPU startup 56757364 ms: VkFFT plan complete result=0
GPU startup 56757364 ms: multiply kernel begin
GPU startup 56757366 ms: gather kernel begin
GPU startup 56757369 ms: clutter pipeline begin
GPU startup 56757369 ms: clutter persistent staging selected
GPU startup 56757369 ms: VkFFT plan begin length=64 batches=1
GPU startup 56757394 ms: VkFFT plan complete result=0
GPU startup 56757394 ms: VkFFT plan begin length=64 batches=2
GPU startup 56757424 ms: VkFFT plan complete result=0
GPU startup 56757424 ms: VkFFT plan begin length=64 batches=1
GPU startup 56757449 ms: VkFFT plan complete result=0
GPU startup 56757449 ms: VkFFT plan begin length=64 batches=2
GPU startup 56757478 ms: VkFFT plan complete result=0
GPU startup 56757478 ms: VkFFT plan begin length=72 batches=1
GPU startup 56757515 ms: VkFFT plan complete result=0
GPU startup 56757515 ms: VkFFT plan begin length=72 batches=2
GPU startup 56757561 ms: VkFFT plan complete result=0
GPU startup 56757561 ms: VkFFT plan begin length=72 batches=2
GPU startup 56757608 ms: VkFFT plan complete result=0
GPU startup 56757615 ms: clutter pipeline complete
GPU allocation budget used=13696 peak=14176 limit=469762048
GPU startup 56757615 ms: backend ready
PASS clutter min=0 max=1 samples=256 device=4098:27039:1 state=fallback active=cpu reason=GPU clutter accuracy check failed; using CPU clutter
PASS clutter min=3 max=4 samples=250 device=4098:27039:1 state=checking active=cpu reason=Checking composed GPU clutter and ambiguity output
PASS clutter min=3 max=11 samples=256 device=4098:27039:1 state=checking active=cpu reason=Checking composed GPU clutter and ambiguity output
PASS clutter min=-31 max=33 samples=64 device=4098:27039:1 state=checking active=cpu reason=Checking composed GPU clutter and ambiguity output
Chol decomposition failed, skip clutter filter
Chol decomposition failed, skip clutter filter
GPU startup 56757630 ms: vkCreateInstance begin
GPU startup 56757656 ms: vkCreateInstance complete
GPU startup 56757656 ms: device enumeration begin
GPU startup 56757666 ms: device enumeration complete
GPU startup 56757666 ms: AMD Radeon 500 Series (RADV POLARIS12)
GPU startup 56757666 ms: vkCreateDevice begin
GPU startup 56757667 ms: vkCreateDevice complete
GPU startup 56757667 ms: glslang initialization begin
GPU startup 56757667 ms: glslang initialization complete
GPU startup 56757667 ms: buffer allocations begin
GPU startup 56757667 ms: persistent staging selected
GPU startup 56757667 ms: buffer allocations complete
GPU startup 56757667 ms: VkFFT plan begin length=480 batches=21
GPU startup 56757806 ms: VkFFT plan complete result=0
GPU startup 56757806 ms: VkFFT plan begin length=480 batches=42
GPU startup 56757861 ms: VkFFT plan complete result=0
GPU startup 56757861 ms: VkFFT plan begin length=21 batches=52
GPU startup 56757886 ms: VkFFT plan complete result=0
GPU startup 56757886 ms: multiply kernel begin
GPU startup 56757888 ms: gather kernel begin
GPU startup 56757891 ms: clutter pipeline begin
GPU startup 56757891 ms: clutter persistent staging selected
GPU startup 56757891 ms: VkFFT plan begin length=4800 batches=1
GPU startup 56757953 ms: VkFFT plan complete result=0
GPU startup 56757953 ms: VkFFT plan begin length=4800 batches=2
GPU startup 56758015 ms: VkFFT plan complete result=0
GPU startup 56758015 ms: VkFFT plan begin length=4800 batches=1
GPU startup 56758078 ms: VkFFT plan complete result=0
GPU startup 56758078 ms: VkFFT plan begin length=4800 batches=2
GPU startup 56758140 ms: VkFFT plan complete result=0
GPU startup 56758141 ms: VkFFT plan begin length=4860 batches=1
GPU startup 56758218 ms: VkFFT plan complete result=0
GPU startup 56758218 ms: VkFFT plan begin length=4860 batches=2
GPU startup 56758293 ms: VkFFT plan complete result=0
GPU startup 56758293 ms: VkFFT plan begin length=4860 batches=2
GPU startup 56758369 ms: VkFFT plan complete result=0
GPU startup 56758376 ms: clutter pipeline complete
GPU allocation budget used=1426656 peak=1465504 limit=469762048
GPU startup 56758376 ms: backend ready
PASS clutter-rank-deficient device=4098:27039:1
GPU clutter validation worst_channel_relative_input_rms=4.00793e-06 worst_channel_relative_filtered_rms=0.000121215
Acceleration: Vulkan / AMD Radeon 500 Series (RADV POLARIS12)
PASS clutter-composed device=4098:27039:1 clutter_active=cpu clutter_reason=GPU clutter accuracy check failed; using CPU clutter
