GPU startup 56750630 ms: vkCreateInstance begin
GPU startup 56750671 ms: vkCreateInstance complete
GPU startup 56750671 ms: device enumeration begin
GPU startup 56750681 ms: device enumeration complete
GPU startup 56750681 ms: AMD Radeon 500 Series (RADV POLARIS12)
GPU startup 56750681 ms: vkCreateDevice begin
GPU startup 56750682 ms: vkCreateDevice complete
GPU startup 56750682 ms: glslang initialization begin
GPU startup 56750682 ms: glslang initialization complete
GPU startup 56750682 ms: buffer allocations begin
GPU startup 56750682 ms: persistent staging selected
GPU startup 56750682 ms: buffer allocations complete
GPU startup 56750682 ms: VkFFT plan begin length=8 batches=4
GPU startup 56750783 ms: VkFFT plan complete result=0
GPU startup 56750783 ms: VkFFT plan begin length=8 batches=12
GPU startup 56750801 ms: VkFFT plan complete result=0
GPU startup 56750801 ms: VkFFT plan begin length=4 batches=6
GPU startup 56750811 ms: VkFFT plan complete result=0
GPU startup 56750811 ms: multiply kernel begin
GPU startup 56750813 ms: gather kernel begin
GPU startup 56750816 ms: clutter pipeline begin
GPU startup 56750816 ms: clutter persistent staging selected
GPU startup 56750816 ms: VkFFT plan begin length=256 batches=1
GPU startup 56750849 ms: VkFFT plan complete result=0
GPU startup 56750849 ms: VkFFT plan begin length=256 batches=3
GPU startup 56750885 ms: VkFFT plan complete result=0
GPU startup 56750885 ms: VkFFT plan begin length=256 batches=1
GPU startup 56750917 ms: VkFFT plan complete result=0
GPU startup 56750917 ms: VkFFT plan begin length=256 batches=3
GPU startup 56750954 ms: VkFFT plan complete result=0
GPU startup 56750954 ms: VkFFT plan begin length=270 batches=1
GPU startup 56750982 ms: VkFFT plan complete result=0
GPU startup 56750982 ms: VkFFT plan begin length=270 batches=3
GPU startup 56751017 ms: VkFFT plan complete result=0
GPU startup 56751017 ms: VkFFT plan begin length=270 batches=3
GPU startup 56751053 ms: VkFFT plan complete result=0
GPU startup 56751060 ms: clutter pipeline complete
GPU allocation budget used=66112 peak=68240 limit=469762048
GPU startup 56751060 ms: backend ready
GPU startup 56751076 ms: vkCreateInstance begin
GPU startup 56751101 ms: vkCreateInstance complete
GPU startup 56751101 ms: device enumeration begin
GPU startup 56751112 ms: device enumeration complete
GPU startup 56751112 ms: AMD Radeon 500 Series (RADV POLARIS12)
GPU startup 56751112 ms: vkCreateDevice begin
GPU startup 56751113 ms: vkCreateDevice complete
GPU startup 56751113 ms: glslang initialization begin
GPU startup 56751113 ms: glslang initialization complete
GPU startup 56751113 ms: buffer allocations begin
GPU startup 56751113 ms: persistent staging selected
GPU startup 56751113 ms: buffer allocations complete
GPU startup 56751113 ms: VkFFT plan begin length=8 batches=4
GPU startup 56751212 ms: VkFFT plan complete result=0
GPU startup 56751212 ms: VkFFT plan begin length=8 batches=12
GPU startup 56751230 ms: VkFFT plan complete result=0
GPU startup 56751230 ms: VkFFT plan begin length=4 batches=6
GPU startup 56751239 ms: VkFFT plan complete result=0
GPU startup 56751239 ms: multiply kernel begin
GPU startup 56751241 ms: gather kernel begin
GPU startup 56751244 ms: clutter pipeline begin
GPU startup 56751244 ms: clutter persistent staging selected
GPU startup 56751244 ms: VkFFT plan begin length=256 batches=1
GPU startup 56751277 ms: VkFFT plan complete result=0
GPU startup 56751277 ms: VkFFT plan begin length=256 batches=3
GPU startup 56751313 ms: VkFFT plan complete result=0
GPU startup 56751313 ms: VkFFT plan begin length=256 batches=1
GPU startup 56751345 ms: VkFFT plan complete result=0
GPU startup 56751345 ms: VkFFT plan begin length=256 batches=3
GPU startup 56751381 ms: VkFFT plan complete result=0
GPU startup 56751381 ms: VkFFT plan begin length=270 batches=1
GPU startup 56751410 ms: VkFFT plan complete result=0
GPU startup 56751410 ms: VkFFT plan begin length=270 batches=3
GPU startup 56751445 ms: VkFFT plan complete result=0
GPU startup 56751445 ms: VkFFT plan begin length=270 batches=3
GPU startup 56751480 ms: VkFFT plan complete result=0
GPU startup 56751487 ms: clutter pipeline complete
GPU allocation budget used=66112 peak=68240 limit=469762048
GPU startup 56751487 ms: backend ready
GPU startup 56751503 ms: vkCreateInstance begin
GPU startup 56751529 ms: vkCreateInstance complete
GPU startup 56751529 ms: device enumeration begin
GPU startup 56751539 ms: device enumeration complete
GPU startup 56751539 ms: AMD Radeon 500 Series (RADV POLARIS12)
GPU startup 56751539 ms: vkCreateDevice begin
GPU startup 56751540 ms: vkCreateDevice complete
GPU startup 56751540 ms: glslang initialization begin
GPU startup 56751540 ms: glslang initialization complete
GPU startup 56751540 ms: buffer allocations begin
GPU startup 56751540 ms: persistent staging selected
GPU startup 56751540 ms: buffer allocations complete
GPU startup 56751540 ms: VkFFT plan begin length=8 batches=4
GPU startup 56751641 ms: VkFFT plan complete result=0
GPU startup 56751642 ms: VkFFT plan begin length=8 batches=12
GPU startup 56751659 ms: VkFFT plan complete result=0
GPU startup 56751659 ms: VkFFT plan begin length=4 batches=6
GPU startup 56751669 ms: VkFFT plan complete result=0
GPU startup 56751669 ms: multiply kernel begin
GPU startup 56751671 ms: gather kernel begin
GPU startup 56751673 ms: clutter pipeline begin
GPU startup 56751674 ms: clutter persistent staging selected
GPU startup 56751674 ms: VkFFT plan begin length=256 batches=1
GPU startup 56751706 ms: VkFFT plan complete result=0
GPU startup 56751706 ms: VkFFT plan begin length=256 batches=3
GPU startup 56751742 ms: VkFFT plan complete result=0
GPU startup 56751742 ms: VkFFT plan begin length=256 batches=1
GPU startup 56751774 ms: VkFFT plan complete result=0
GPU startup 56751774 ms: VkFFT plan begin length=256 batches=3
GPU startup 56751810 ms: VkFFT plan complete result=0
GPU startup 56751810 ms: VkFFT plan begin length=256 batches=1
GPU startup 56751843 ms: VkFFT plan complete result=0
GPU startup 56751843 ms: VkFFT plan begin length=256 batches=3
GPU startup 56751879 ms: VkFFT plan complete result=0
GPU startup 56751879 ms: VkFFT plan begin length=256 batches=3
GPU startup 56751915 ms: VkFFT plan complete result=0
GPU startup 56751922 ms: clutter pipeline complete
GPU allocation budget used=62208 peak=63424 limit=469762048
GPU startup 56751922 ms: backend ready
PASS clutter min=-3 max=5 samples=256 device=4098:27039:1 state=checking active=cpu reason=Checking composed GPU clutter and ambiguity output
PASS clutter min=0 max=8 samples=256 device=4098:27039:1 state=checking active=cpu reason=Checking composed GPU clutter and ambiguity output
GPU clutter validation worst_channel_relative_input_rms=1.58073e-07 worst_channel_relative_filtered_rms=0.00158073
GPU startup 56751935 ms: vkCreateInstance begin
GPU startup 56751962 ms: vkCreateInstance complete
GPU startup 56751962 ms: device enumeration begin
GPU startup 56751972 ms: device enumeration complete
GPU startup 56751972 ms: AMD Radeon 500 Series (RADV POLARIS12)
GPU startup 56751972 ms: vkCreateDevice begin
GPU startup 56751973 ms: vkCreateDevice complete
GPU startup 56751973 ms: glslang initialization begin
GPU startup 56751973 ms: glslang initialization complete
GPU startup 56751973 ms: buffer allocations begin
GPU startup 56751973 ms: persistent staging selected
GPU startup 56751973 ms: buffer allocations complete
GPU startup 56751973 ms: VkFFT plan begin length=8 batches=4
GPU startup 56752072 ms: VkFFT plan complete result=0
GPU startup 56752072 ms: VkFFT plan begin length=8 batches=12
GPU startup 56752090 ms: VkFFT plan complete result=0
GPU startup 56752090 ms: VkFFT plan begin length=4 batches=6
GPU startup 56752100 ms: VkFFT plan complete result=0
GPU startup 56752100 ms: multiply kernel begin
GPU startup 56752102 ms: gather kernel begin
GPU startup 56752104 ms: clutter pipeline begin
GPU startup 56752104 ms: clutter persistent staging selected
GPU startup 56752105 ms: VkFFT plan begin length=250 batches=1
GPU startup 56752147 ms: VkFFT plan complete result=0
GPU startup 56752147 ms: VkFFT plan begin length=250 batches=3
GPU startup 56752197 ms: VkFFT plan complete result=0
GPU startup 56752197 ms: VkFFT plan begin length=250 batches=1
GPU startup 56752238 ms: VkFFT plan complete result=0
GPU startup 56752238 ms: VkFFT plan begin length=250 batches=3
GPU startup 56752288 ms: VkFFT plan complete result=0
GPU startup 56752288 ms: VkFFT plan begin length=250 batches=1
GPU startup 56752329 ms: VkFFT plan complete result=0
GPU startup 56752329 ms: VkFFT plan begin length=250 batches=3
GPU startup 56752379 ms: VkFFT plan complete result=0
GPU startup 56752379 ms: VkFFT plan begin length=250 batches=3
GPU startup 56752429 ms: VkFFT plan complete result=0
GPU startup 56752437 ms: clutter pipeline complete
GPU allocation budget used=65936 peak=67856 limit=469762048
GPU startup 56752437 ms: backend ready
GPU startup 56752451 ms: vkCreateInstance begin
GPU startup 56752477 ms: vkCreateInstance complete
GPU startup 56752477 ms: device enumeration begin
GPU startup 56752487 ms: device enumeration complete
GPU startup 56752487 ms: AMD Radeon 500 Series (RADV POLARIS12)
GPU startup 56752487 ms: vkCreateDevice begin
GPU startup 56752488 ms: vkCreateDevice complete
GPU startup 56752488 ms: glslang initialization begin
GPU startup 56752488 ms: glslang initialization complete
GPU startup 56752488 ms: buffer allocations begin
GPU startup 56752488 ms: persistent staging selected
GPU startup 56752488 ms: buffer allocations complete
GPU startup 56752488 ms: VkFFT plan begin length=8 batches=4
GPU startup 56752587 ms: VkFFT plan complete result=0
GPU startup 56752587 ms: VkFFT plan begin length=8 batches=12
GPU startup 56752605 ms: VkFFT plan complete result=0
GPU startup 56752605 ms: VkFFT plan begin length=4 batches=6
GPU startup 56752615 ms: VkFFT plan complete result=0
GPU startup 56752615 ms: multiply kernel begin
GPU startup 56752618 ms: gather kernel begin
GPU startup 56752620 ms: clutter pipeline begin
GPU startup 56752621 ms: clutter persistent staging selected
GPU startup 56752621 ms: VkFFT plan begin length=256 batches=1
GPU startup 56752653 ms: VkFFT plan complete result=0
GPU startup 56752653 ms: VkFFT plan begin length=256 batches=3
GPU startup 56752690 ms: VkFFT plan complete result=0
GPU startup 56752690 ms: VkFFT plan begin length=256 batches=1
GPU startup 56752723 ms: VkFFT plan complete result=0
GPU startup 56752723 ms: VkFFT plan begin length=256 batches=3
GPU startup 56752759 ms: VkFFT plan complete result=0
GPU startup 56752759 ms: VkFFT plan begin length=270 batches=1
GPU startup 56752788 ms: VkFFT plan complete result=0
GPU startup 56752788 ms: VkFFT plan begin length=270 batches=3
GPU startup 56752823 ms: VkFFT plan complete result=0
GPU startup 56752823 ms: VkFFT plan begin length=270 batches=3
GPU startup 56752859 ms: VkFFT plan complete result=0
GPU startup 56752866 ms: clutter pipeline complete
GPU allocation budget used=66112 peak=68240 limit=469762048
GPU startup 56752866 ms: backend ready
GPU startup 56752884 ms: vkCreateInstance begin
GPU startup 56752909 ms: vkCreateInstance complete
GPU startup 56752909 ms: device enumeration begin
GPU startup 56752919 ms: device enumeration complete
GPU startup 56752919 ms: AMD Radeon 500 Series (RADV POLARIS12)
GPU startup 56752919 ms: vkCreateDevice begin
GPU startup 56752920 ms: vkCreateDevice complete
GPU startup 56752920 ms: glslang initialization begin
GPU startup 56752920 ms: glslang initialization complete
GPU startup 56752920 ms: buffer allocations begin
GPU startup 56752921 ms: persistent staging selected
GPU startup 56752921 ms: buffer allocations complete
GPU startup 56752921 ms: VkFFT plan begin length=8 batches=4
GPU startup 56753020 ms: VkFFT plan complete result=0
GPU startup 56753020 ms: VkFFT plan begin length=8 batches=12
GPU startup 56753037 ms: VkFFT plan complete result=0
GPU startup 56753037 ms: VkFFT plan begin length=4 batches=6
GPU startup 56753047 ms: VkFFT plan complete result=0
GPU startup 56753047 ms: multiply kernel begin
GPU startup 56753049 ms: gather kernel begin
GPU startup 56753052 ms: clutter pipeline begin
GPU startup 56753052 ms: clutter persistent staging selected
GPU startup 56753052 ms: VkFFT plan begin length=64 batches=1
GPU startup 56753077 ms: VkFFT plan complete result=0
GPU startup 56753077 ms: VkFFT plan begin length=64 batches=3
GPU startup 56753106 ms: VkFFT plan complete result=0
GPU startup 56753106 ms: VkFFT plan begin length=64 batches=1
GPU startup 56753132 ms: VkFFT plan complete result=0
GPU startup 56753132 ms: VkFFT plan begin length=64 batches=3
GPU startup 56753161 ms: VkFFT plan complete result=0
GPU startup 56753161 ms: VkFFT plan begin length=128 batches=1
GPU startup 56753191 ms: VkFFT plan complete result=0
GPU startup 56753191 ms: VkFFT plan begin length=128 batches=3
GPU startup 56753225 ms: VkFFT plan complete result=0
GPU startup 56753225 ms: VkFFT plan begin length=128 batches=3
GPU startup 56753261 ms: VkFFT plan complete result=0
GPU startup 56753268 ms: clutter pipeline complete
GPU allocation budget used=25280 peak=25984 limit=469762048
GPU startup 56753268 ms: backend ready
GPU startup 56753285 ms: vkCreateInstance begin
GPU startup 56753311 ms: vkCreateInstance complete
GPU startup 56753311 ms: device enumeration begin
GPU startup 56753322 ms: device enumeration complete
GPU startup 56753322 ms: AMD Radeon 500 Series (RADV POLARIS12)
GPU startup 56753322 ms: vkCreateDevice begin
GPU startup 56753322 ms: vkCreateDevice complete
GPU startup 56753322 ms: glslang initialization begin
GPU startup 56753323 ms: glslang initialization complete
GPU startup 56753323 ms: buffer allocations begin
GPU startup 56753323 ms: persistent staging selected
GPU startup 56753323 ms: buffer allocations complete
GPU startup 56753323 ms: VkFFT plan begin length=8 batches=4
GPU startup 56753422 ms: VkFFT plan complete result=0
GPU startup 56753422 ms: VkFFT plan begin length=8 batches=8
GPU startup 56753440 ms: VkFFT plan complete result=0
GPU startup 56753440 ms: VkFFT plan begin length=4 batches=4
GPU startup 56753450 ms: VkFFT plan complete result=0
GPU startup 56753450 ms: multiply kernel begin
GPU startup 56753452 ms: gather kernel begin
GPU startup 56753455 ms: clutter pipeline begin
GPU startup 56753455 ms: clutter persistent staging selected
GPU startup 56753455 ms: VkFFT plan begin length=64 batches=1
GPU startup 56753479 ms: VkFFT plan complete result=0
GPU startup 56753479 ms: VkFFT plan begin length=64 batches=2
GPU startup 56753509 ms: VkFFT plan complete result=0
GPU startup 56753509 ms: VkFFT plan begin length=64 batches=1
GPU startup 56753533 ms: VkFFT plan complete result=0
GPU startup 56753533 ms: VkFFT plan begin length=64 batches=2
GPU startup 56753562 ms: VkFFT plan complete result=0
GPU startup 56753562 ms: VkFFT plan begin length=72 batches=1
GPU startup 56753599 ms: VkFFT plan complete result=0
GPU startup 56753599 ms: VkFFT plan begin length=72 batches=2
GPU startup 56753646 ms: VkFFT plan complete result=0
GPU startup 56753646 ms: VkFFT plan begin length=72 batches=2
GPU startup 56753692 ms: VkFFT plan complete result=0
GPU startup 56753699 ms: clutter pipeline complete
GPU allocation budget used=13696 peak=14176 limit=469762048
GPU startup 56753699 ms: backend ready
PASS clutter min=0 max=1 samples=256 device=4098:27039:1 state=fallback active=cpu reason=GPU clutter accuracy check failed; using CPU clutter
PASS clutter min=3 max=4 samples=250 device=4098:27039:1 state=checking active=cpu reason=Checking composed GPU clutter and ambiguity output
PASS clutter min=3 max=11 samples=256 device=4098:27039:1 state=checking active=cpu reason=Checking composed GPU clutter and ambiguity output
PASS clutter min=-31 max=33 samples=64 device=4098:27039:1 state=checking active=cpu reason=Checking composed GPU clutter and ambiguity output
Chol decomposition failed, skip clutter filter
Chol decomposition failed, skip clutter filter
GPU startup 56753713 ms: vkCreateInstance begin
GPU startup 56753739 ms: vkCreateInstance complete
GPU startup 56753739 ms: device enumeration begin
GPU startup 56753749 ms: device enumeration complete
GPU startup 56753749 ms: AMD Radeon 500 Series (RADV POLARIS12)
GPU startup 56753749 ms: vkCreateDevice begin
GPU startup 56753750 ms: vkCreateDevice complete
GPU startup 56753750 ms: glslang initialization begin
GPU startup 56753750 ms: glslang initialization complete
GPU startup 56753750 ms: buffer allocations begin
GPU startup 56753751 ms: persistent staging selected
GPU startup 56753751 ms: buffer allocations complete
GPU startup 56753751 ms: VkFFT plan begin length=480 batches=21
GPU startup 56753890 ms: VkFFT plan complete result=0
GPU startup 56753890 ms: VkFFT plan begin length=480 batches=42
GPU startup 56753945 ms: VkFFT plan complete result=0
GPU startup 56753945 ms: VkFFT plan begin length=21 batches=52
GPU startup 56753969 ms: VkFFT plan complete result=0
GPU startup 56753969 ms: multiply kernel begin
GPU startup 56753971 ms: gather kernel begin
GPU startup 56753974 ms: clutter pipeline begin
GPU startup 56753975 ms: clutter persistent staging selected
GPU startup 56753975 ms: VkFFT plan begin length=4800 batches=1
GPU startup 56754038 ms: VkFFT plan complete result=0
GPU startup 56754038 ms: VkFFT plan begin length=4800 batches=2
GPU startup 56754100 ms: VkFFT plan complete result=0
GPU startup 56754100 ms: VkFFT plan begin length=4800 batches=1
GPU startup 56754163 ms: VkFFT plan complete result=0
GPU startup 56754163 ms: VkFFT plan begin length=4800 batches=2
GPU startup 56754225 ms: VkFFT plan complete result=0
GPU startup 56754225 ms: VkFFT plan begin length=4860 batches=1
GPU startup 56754302 ms: VkFFT plan complete result=0
GPU startup 56754302 ms: VkFFT plan begin length=4860 batches=2
GPU startup 56754377 ms: VkFFT plan complete result=0
GPU startup 56754377 ms: VkFFT plan begin length=4860 batches=2
GPU startup 56754452 ms: VkFFT plan complete result=0
GPU startup 56754459 ms: clutter pipeline complete
GPU allocation budget used=1426656 peak=1465504 limit=469762048
GPU startup 56754459 ms: backend ready
PASS clutter-rank-deficient device=4098:27039:1
GPU clutter validation worst_channel_relative_input_rms=4.00793e-06 worst_channel_relative_filtered_rms=0.000121215
Acceleration: Vulkan / AMD Radeon 500 Series (RADV POLARIS12)
PASS clutter-composed device=4098:27039:1 clutter_active=cpu clutter_reason=GPU clutter accuracy check failed; using CPU clutter
