GPU startup 1069214367 ms: vkCreateInstance begin
GPU startup 1069214456 ms: vkCreateInstance complete
GPU startup 1069214456 ms: device enumeration begin
GPU startup 1069214459 ms: device enumeration complete
GPU startup 1069214459 ms: NVIDIA GeForce RTX 4050 Laptop GPU
GPU startup 1069214459 ms: vkCreateDevice begin
GPU startup 1069214535 ms: vkCreateDevice complete
GPU startup 1069214536 ms: glslang initialization begin
GPU startup 1069214536 ms: glslang initialization complete
GPU startup 1069214536 ms: buffer allocations begin
GPU startup 1069214559 ms: persistent staging selected
GPU startup 1069214559 ms: buffer allocations complete
GPU startup 1069214559 ms: VkFFT plan begin length=3000 batches=321
GPU startup 1069214743 ms: VkFFT plan complete result=0
GPU startup 1069214743 ms: VkFFT plan begin length=3000 batches=1605
GPU startup 1069214814 ms: VkFFT plan complete result=0
GPU startup 1069214814 ms: VkFFT plan begin length=321 batches=1280
GPU startup 1069215020 ms: VkFFT plan complete result=0
GPU startup 1069215020 ms: multiply kernel begin
GPU startup 1069215022 ms: gather kernel begin
GPU startup 1069215025 ms: clutter pipeline begin
GPU startup 1069215038 ms: clutter persistent staging selected
GPU startup 1069215041 ms: VkFFT plan begin length=480000 batches=1
GPU startup 1069215149 ms: VkFFT plan complete result=0
GPU startup 1069215149 ms: VkFFT plan begin length=480000 batches=5
GPU startup 1069215258 ms: VkFFT plan complete result=0
GPU startup 1069215258 ms: VkFFT plan begin length=480000 batches=1
GPU startup 1069215365 ms: VkFFT plan complete result=0
GPU startup 1069215365 ms: VkFFT plan begin length=480000 batches=5
GPU startup 1069215472 ms: VkFFT plan complete result=0
GPU startup 1069215472 ms: VkFFT plan begin length=486000 batches=1
GPU startup 1069215640 ms: VkFFT plan complete result=0
GPU startup 1069215640 ms: VkFFT plan begin length=486000 batches=5
GPU startup 1069215809 ms: VkFFT plan complete result=0
GPU startup 1069215809 ms: VkFFT plan begin length=486000 batches=5
GPU startup 1069215977 ms: VkFFT plan complete result=0
GPU startup 1069215984 ms: clutter pipeline complete
GPU allocation budget used=365295088 peak=365295088 limit=1609826304
GPU startup 1069215984 ms: backend ready
Acceleration: Vulkan / NVIDIA GeForce RTX 4050 Laptop GPU
