GPU startup 1069067586 ms: vkCreateInstance begin
GPU startup 1069067696 ms: vkCreateInstance complete
GPU startup 1069067696 ms: device enumeration begin
GPU startup 1069067699 ms: device enumeration complete
GPU startup 1069067699 ms: NVIDIA GeForce RTX 4050 Laptop GPU
GPU startup 1069067699 ms: vkCreateDevice begin
GPU startup 1069067809 ms: vkCreateDevice complete
GPU startup 1069067809 ms: glslang initialization begin
GPU startup 1069067809 ms: glslang initialization complete
GPU startup 1069067809 ms: buffer allocations begin
GPU startup 1069067817 ms: persistent staging selected
GPU startup 1069067817 ms: buffer allocations complete
GPU startup 1069067817 ms: VkFFT plan begin length=3000 batches=321
GPU startup 1069067963 ms: VkFFT plan complete result=0
GPU startup 1069067963 ms: VkFFT plan begin length=3000 batches=321
GPU startup 1069068020 ms: VkFFT plan complete result=0
GPU startup 1069068020 ms: VkFFT plan begin length=321 batches=256
GPU startup 1069068196 ms: VkFFT plan complete result=0
GPU startup 1069068196 ms: multiply kernel begin
GPU startup 1069068198 ms: gather kernel begin
GPU startup 1069068201 ms: clutter pipeline begin
GPU startup 1069068206 ms: clutter persistent staging selected
GPU startup 1069068207 ms: VkFFT plan begin length=480000 batches=1
GPU startup 1069068318 ms: VkFFT plan complete result=0
GPU startup 1069068318 ms: VkFFT plan begin length=480000 batches=1
GPU startup 1069068424 ms: VkFFT plan complete result=0
GPU startup 1069068424 ms: VkFFT plan begin length=480000 batches=1
GPU startup 1069068531 ms: VkFFT plan complete result=0
GPU startup 1069068531 ms: VkFFT plan begin length=480000 batches=1
GPU startup 1069068637 ms: VkFFT plan complete result=0
GPU startup 1069068637 ms: VkFFT plan begin length=486000 batches=1
GPU startup 1069068804 ms: VkFFT plan complete result=0
GPU startup 1069068804 ms: VkFFT plan begin length=486000 batches=1
GPU startup 1069068969 ms: VkFFT plan complete result=0
GPU startup 1069068969 ms: VkFFT plan begin length=486000 batches=1
GPU startup 1069069136 ms: VkFFT plan complete result=0
GPU startup 1069069143 ms: clutter pipeline complete
GPU allocation budget used=128662384 peak=128667664 limit=1609826304
GPU startup 1069069143 ms: backend ready
Acceleration: Vulkan / NVIDIA GeForce RTX 4050 Laptop GPU
