GPU startup 1069112149 ms: vkCreateInstance begin
GPU startup 1069112267 ms: vkCreateInstance complete
GPU startup 1069112267 ms: device enumeration begin
GPU startup 1069112270 ms: device enumeration complete
GPU startup 1069112270 ms: NVIDIA GeForce RTX 4050 Laptop GPU
GPU startup 1069112270 ms: vkCreateDevice begin
GPU startup 1069112371 ms: vkCreateDevice complete
GPU startup 1069112372 ms: glslang initialization begin
GPU startup 1069112372 ms: glslang initialization complete
GPU startup 1069112372 ms: buffer allocations begin
GPU startup 1069112379 ms: persistent staging selected
GPU startup 1069112380 ms: buffer allocations complete
GPU startup 1069112380 ms: VkFFT plan begin length=1000 batches=961
GPU startup 1069112515 ms: VkFFT plan complete result=0
GPU startup 1069112515 ms: VkFFT plan begin length=1000 batches=961
GPU startup 1069112568 ms: VkFFT plan complete result=0
GPU startup 1069112568 ms: VkFFT plan begin length=961 batches=256
GPU startup 1069112683 ms: VkFFT plan complete result=0
GPU startup 1069112683 ms: multiply kernel begin
GPU startup 1069112685 ms: gather kernel begin
GPU startup 1069112687 ms: clutter pipeline begin
GPU startup 1069112693 ms: VkFFT plan begin length=480000 batches=1
GPU startup 1069112801 ms: VkFFT plan complete result=0
GPU startup 1069112801 ms: VkFFT plan begin length=480000 batches=1
GPU startup 1069112910 ms: VkFFT plan complete result=0
GPU startup 1069112910 ms: VkFFT plan begin length=480000 batches=1
GPU startup 1069113016 ms: VkFFT plan complete result=0
GPU startup 1069113016 ms: VkFFT plan begin length=480000 batches=1
GPU startup 1069113122 ms: VkFFT plan complete result=0
GPU startup 1069113122 ms: VkFFT plan begin length=486000 batches=1
GPU startup 1069113289 ms: VkFFT plan complete result=0
GPU startup 1069113289 ms: VkFFT plan begin length=486000 batches=1
GPU startup 1069113455 ms: VkFFT plan complete result=0
GPU startup 1069113455 ms: VkFFT plan begin length=486000 batches=1
GPU startup 1069113620 ms: VkFFT plan complete result=0
GPU startup 1069113626 ms: clutter pipeline complete
GPU allocation budget used=131209840 peak=131215120 limit=1609826304
GPU startup 1069113626 ms: backend ready
Acceleration: Vulkan / NVIDIA GeForce RTX 4050 Laptop GPU
