GPU startup 1069174951 ms: vkCreateInstance begin
GPU startup 1069175050 ms: vkCreateInstance complete
GPU startup 1069175050 ms: device enumeration begin
GPU startup 1069175053 ms: device enumeration complete
GPU startup 1069175053 ms: NVIDIA GeForce RTX 4050 Laptop GPU
GPU startup 1069175053 ms: vkCreateDevice begin
GPU startup 1069175154 ms: vkCreateDevice complete
GPU startup 1069175154 ms: glslang initialization begin
GPU startup 1069175154 ms: glslang initialization complete
GPU startup 1069175154 ms: buffer allocations begin
GPU startup 1069175166 ms: persistent staging selected
GPU startup 1069175166 ms: buffer allocations complete
GPU startup 1069175166 ms: VkFFT plan begin length=500 batches=1921
GPU startup 1069175304 ms: VkFFT plan complete result=0
GPU startup 1069175304 ms: VkFFT plan begin length=500 batches=1921
GPU startup 1069175346 ms: VkFFT plan complete result=0
GPU startup 1069175346 ms: VkFFT plan begin length=1921 batches=256
GPU startup 1069175661 ms: VkFFT plan complete result=0
GPU startup 1069175661 ms: multiply kernel begin
GPU startup 1069175663 ms: gather kernel begin
GPU startup 1069175665 ms: clutter pipeline begin
GPU startup 1069175670 ms: clutter persistent staging selected
GPU startup 1069175672 ms: VkFFT plan begin length=480000 batches=1
GPU startup 1069175793 ms: VkFFT plan complete result=0
GPU startup 1069175793 ms: VkFFT plan begin length=480000 batches=1
GPU startup 1069175899 ms: VkFFT plan complete result=0
GPU startup 1069175899 ms: VkFFT plan begin length=480000 batches=1
GPU startup 1069176005 ms: VkFFT plan complete result=0
GPU startup 1069176005 ms: VkFFT plan begin length=480000 batches=1
GPU startup 1069176112 ms: VkFFT plan complete result=0
GPU startup 1069176112 ms: VkFFT plan begin length=486000 batches=1
GPU startup 1069176277 ms: VkFFT plan complete result=0
GPU startup 1069176277 ms: VkFFT plan begin length=486000 batches=1
GPU startup 1069176441 ms: VkFFT plan complete result=0
GPU startup 1069176441 ms: VkFFT plan begin length=486000 batches=1
GPU startup 1069176606 ms: VkFFT plan complete result=0
GPU startup 1069176612 ms: clutter pipeline complete
GPU allocation budget used=135135648 peak=135140928 limit=1609826304
GPU startup 1069176612 ms: backend ready
Acceleration: Vulkan / NVIDIA GeForce RTX 4050 Laptop GPU
