GPU startup 92460402 ms: vkCreateInstance begin
GPU startup 92460415 ms: vkCreateInstance complete
GPU startup 92460415 ms: device enumeration begin
GPU startup 92460424 ms: device enumeration complete
GPU startup 92460424 ms: AMD Radeon 8060S Graphics (RADV STRIX_HALO)
GPU startup 92460424 ms: vkCreateDevice begin
GPU startup 92460424 ms: vkCreateDevice complete
GPU startup 92460424 ms: glslang initialization begin
GPU startup 92460424 ms: glslang initialization complete
GPU startup 92460424 ms: buffer allocations begin
GPU startup 92460424 ms: direct mapped device memory selected
GPU startup 92460424 ms: buffer allocations complete
GPU startup 92460424 ms: VkFFT plan begin length=3000 batches=321
GPU startup 92460487 ms: VkFFT plan complete result=0
GPU startup 92460487 ms: VkFFT plan begin length=3000 batches=1605
GPU startup 92460511 ms: VkFFT plan complete result=0
GPU startup 92460511 ms: VkFFT plan begin length=321 batches=1280
GPU startup 92460583 ms: VkFFT plan complete result=0
GPU startup 92460583 ms: multiply kernel begin
GPU startup 92460584 ms: gather kernel begin
GPU startup 92460585 ms: clutter pipeline begin
GPU startup 92460585 ms: clutter direct mapped device memory selected
GPU startup 92460585 ms: VkFFT plan begin length=480000 batches=1
GPU startup 92460631 ms: VkFFT plan complete result=0
GPU startup 92460631 ms: VkFFT plan begin length=480000 batches=5
GPU startup 92460679 ms: VkFFT plan complete result=0
GPU startup 92460679 ms: VkFFT plan begin length=480000 batches=1
GPU startup 92460725 ms: VkFFT plan complete result=0
GPU startup 92460725 ms: VkFFT plan begin length=480000 batches=5
GPU startup 92460772 ms: VkFFT plan complete result=0
GPU startup 92460772 ms: VkFFT plan begin length=486000 batches=1
GPU startup 92460843 ms: VkFFT plan complete result=0
GPU startup 92460843 ms: VkFFT plan begin length=486000 batches=5
GPU startup 92460915 ms: VkFFT plan complete result=0
GPU startup 92460915 ms: VkFFT plan begin length=486000 batches=5
GPU startup 92460985 ms: VkFFT plan complete result=0
GPU startup 92460988 ms: clutter pipeline complete
GPU allocation budget used=273544048 peak=273544048 limit=2147483648
GPU startup 92460988 ms: backend ready
Acceleration: Vulkan / AMD Radeon 8060S Graphics (RADV STRIX_HALO)
