GPU startup 92465234 ms: vkCreateInstance begin
GPU startup 92465246 ms: vkCreateInstance complete
GPU startup 92465246 ms: device enumeration begin
GPU startup 92465257 ms: device enumeration complete
GPU startup 92465257 ms: AMD Radeon 8060S Graphics (RADV STRIX_HALO)
GPU startup 92465257 ms: vkCreateDevice begin
GPU startup 92465257 ms: vkCreateDevice complete
GPU startup 92465257 ms: glslang initialization begin
GPU startup 92465257 ms: glslang initialization complete
GPU startup 92465257 ms: buffer allocations begin
GPU startup 92465257 ms: direct mapped device memory selected
GPU startup 92465257 ms: buffer allocations complete
GPU startup 92465257 ms: VkFFT plan begin length=3000 batches=321
GPU startup 92465319 ms: VkFFT plan complete result=0
GPU startup 92465319 ms: VkFFT plan begin length=3000 batches=1605
GPU startup 92465343 ms: VkFFT plan complete result=0
GPU startup 92465343 ms: VkFFT plan begin length=321 batches=1280
GPU startup 92465415 ms: VkFFT plan complete result=0
GPU startup 92465415 ms: multiply kernel begin
GPU startup 92465416 ms: gather kernel begin
GPU startup 92465417 ms: clutter pipeline begin
GPU startup 92465417 ms: clutter direct mapped device memory selected
GPU startup 92465417 ms: VkFFT plan begin length=480000 batches=1
GPU startup 92465464 ms: VkFFT plan complete result=0
GPU startup 92465464 ms: VkFFT plan begin length=480000 batches=5
GPU startup 92465511 ms: VkFFT plan complete result=0
GPU startup 92465511 ms: VkFFT plan begin length=480000 batches=1
GPU startup 92465558 ms: VkFFT plan complete result=0
GPU startup 92465558 ms: VkFFT plan begin length=480000 batches=5
GPU startup 92465604 ms: VkFFT plan complete result=0
GPU startup 92465604 ms: VkFFT plan begin length=486000 batches=1
GPU startup 92465675 ms: VkFFT plan complete result=0
GPU startup 92465675 ms: VkFFT plan begin length=486000 batches=5
GPU startup 92465746 ms: VkFFT plan complete result=0
GPU startup 92465746 ms: VkFFT plan begin length=486000 batches=5
GPU startup 92465817 ms: VkFFT plan complete result=0
GPU startup 92465820 ms: clutter pipeline complete
GPU allocation budget used=273544048 peak=273544048 limit=2147483648
GPU startup 92465820 ms: backend ready
Acceleration: Vulkan / AMD Radeon 8060S Graphics (RADV STRIX_HALO)
