GPU startup 92481173 ms: vkCreateInstance begin
GPU startup 92481188 ms: vkCreateInstance complete
GPU startup 92481188 ms: device enumeration begin
GPU startup 92481202 ms: device enumeration complete
GPU startup 92481202 ms: AMD Radeon 8060S Graphics (RADV STRIX_HALO)
GPU startup 92481202 ms: vkCreateDevice begin
GPU startup 92481203 ms: vkCreateDevice complete
GPU startup 92481203 ms: glslang initialization begin
GPU startup 92481203 ms: glslang initialization complete
GPU startup 92481203 ms: buffer allocations begin
GPU startup 92481203 ms: direct mapped device memory selected
GPU startup 92481203 ms: buffer allocations complete
GPU startup 92481203 ms: VkFFT plan begin length=3000 batches=161
GPU startup 92481269 ms: VkFFT plan complete result=0
GPU startup 92481269 ms: VkFFT plan begin length=3000 batches=161
GPU startup 92481293 ms: VkFFT plan complete result=0
GPU startup 92481293 ms: VkFFT plan begin length=161 batches=256
GPU startup 92481346 ms: VkFFT plan complete result=0
GPU startup 92481346 ms: multiply kernel begin
GPU startup 92481347 ms: gather kernel begin
GPU startup 92481348 ms: clutter pipeline begin
GPU startup 92481348 ms: clutter direct mapped device memory selected
GPU startup 92481348 ms: VkFFT plan begin length=240000 batches=1
GPU startup 92481401 ms: VkFFT plan complete result=0
GPU startup 92481401 ms: VkFFT plan begin length=240000 batches=1
GPU startup 92481456 ms: VkFFT plan complete result=0
GPU startup 92481456 ms: VkFFT plan begin length=240000 batches=1
GPU startup 92481511 ms: VkFFT plan complete result=0
GPU startup 92481511 ms: VkFFT plan begin length=240000 batches=1
GPU startup 92481563 ms: VkFFT plan complete result=0
GPU startup 92481563 ms: VkFFT plan begin length=243000 batches=1
GPU startup 92481612 ms: VkFFT plan complete result=0
GPU startup 92481612 ms: VkFFT plan begin length=243000 batches=1
GPU startup 92481659 ms: VkFFT plan complete result=0
GPU startup 92481659 ms: VkFFT plan begin length=243000 batches=1
GPU startup 92481705 ms: VkFFT plan complete result=0
GPU startup 92481708 ms: clutter pipeline complete
GPU allocation budget used=50570736 peak=50574576 limit=2147483648
GPU startup 92481708 ms: backend ready
Acceleration: Vulkan / AMD Radeon 8060S Graphics (RADV STRIX_HALO)
