GPU startup 92402079 ms: vkCreateInstance begin
GPU startup 92402091 ms: vkCreateInstance complete
GPU startup 92402091 ms: device enumeration begin
GPU startup 92402102 ms: device enumeration complete
GPU startup 92402102 ms: AMD Radeon 8060S Graphics (RADV STRIX_HALO)
GPU startup 92402102 ms: vkCreateDevice begin
GPU startup 92402102 ms: vkCreateDevice complete
GPU startup 92402102 ms: glslang initialization begin
GPU startup 92402103 ms: glslang initialization complete
GPU startup 92402103 ms: buffer allocations begin
GPU startup 92402103 ms: direct mapped device memory selected
GPU startup 92402103 ms: buffer allocations complete
GPU startup 92402103 ms: VkFFT plan begin length=1000 batches=961
GPU startup 92402162 ms: VkFFT plan complete result=0
GPU startup 92402162 ms: VkFFT plan begin length=1000 batches=961
GPU startup 92402182 ms: VkFFT plan complete result=0
GPU startup 92402182 ms: VkFFT plan begin length=961 batches=256
GPU startup 92402223 ms: VkFFT plan complete result=0
GPU startup 92402223 ms: multiply kernel begin
GPU startup 92402224 ms: gather kernel begin
GPU startup 92402225 ms: clutter pipeline begin
GPU startup 92402225 ms: clutter direct mapped device memory selected
GPU startup 92402225 ms: VkFFT plan begin length=480000 batches=1
GPU startup 92402272 ms: VkFFT plan complete result=0
GPU startup 92402272 ms: VkFFT plan begin length=480000 batches=1
GPU startup 92402319 ms: VkFFT plan complete result=0
GPU startup 92402319 ms: VkFFT plan begin length=480000 batches=1
GPU startup 92402365 ms: VkFFT plan complete result=0
GPU startup 92402365 ms: VkFFT plan begin length=480000 batches=1
GPU startup 92402411 ms: VkFFT plan complete result=0
GPU startup 92402411 ms: VkFFT plan begin length=486000 batches=1
GPU startup 92402483 ms: VkFFT plan complete result=0
GPU startup 92402483 ms: VkFFT plan begin length=486000 batches=1
GPU startup 92402554 ms: VkFFT plan complete result=0
GPU startup 92402554 ms: VkFFT plan begin length=486000 batches=1
GPU startup 92402627 ms: VkFFT plan complete result=0
GPU startup 92402630 ms: clutter pipeline complete
GPU allocation budget used=102345712 peak=102350992 limit=2147483648
GPU startup 92402630 ms: backend ready
Acceleration: Vulkan / AMD Radeon 8060S Graphics (RADV STRIX_HALO)
