GPU startup 92509346 ms: vkCreateInstance begin
GPU startup 92509358 ms: vkCreateInstance complete
GPU startup 92509358 ms: device enumeration begin
GPU startup 92509373 ms: device enumeration complete
GPU startup 92509373 ms: AMD Radeon 8060S Graphics (RADV STRIX_HALO)
GPU startup 92509373 ms: vkCreateDevice begin
GPU startup 92509373 ms: vkCreateDevice complete
GPU startup 92509373 ms: glslang initialization begin
GPU startup 92509374 ms: glslang initialization complete
GPU startup 92509374 ms: buffer allocations begin
GPU startup 92509374 ms: direct mapped device memory selected
GPU startup 92509374 ms: buffer allocations complete
GPU startup 92509374 ms: VkFFT plan begin length=500 batches=9601
GPU startup 92509435 ms: VkFFT plan complete result=0
GPU startup 92509435 ms: VkFFT plan begin length=500 batches=9601
GPU startup 92509458 ms: VkFFT plan complete result=0
GPU startup 92509458 ms: VkFFT plan begin length=9601 batches=256
GPU startup 92509619 ms: VkFFT plan complete result=0
GPU startup 92509619 ms: multiply kernel begin
GPU startup 92509620 ms: gather kernel begin
GPU startup 92509621 ms: clutter pipeline begin
GPU startup 92509621 ms: clutter direct mapped device memory selected
GPU startup 92509621 ms: VkFFT plan begin length=2400000 batches=1
GPU startup 92509719 ms: VkFFT plan complete result=0
GPU startup 92509719 ms: VkFFT plan begin length=2400000 batches=1
GPU startup 92509813 ms: VkFFT plan complete result=0
GPU startup 92509813 ms: VkFFT plan begin length=2400000 batches=1
GPU startup 92509906 ms: VkFFT plan complete result=0
GPU startup 92509906 ms: VkFFT plan begin length=2400000 batches=1
GPU startup 92510001 ms: VkFFT plan complete result=0
GPU startup 92510001 ms: VkFFT plan begin length=2430000 batches=1
GPU startup 92510122 ms: VkFFT plan complete result=0
GPU startup 92510122 ms: VkFFT plan begin length=2430000 batches=1
GPU startup 92510240 ms: VkFFT plan complete result=0
GPU startup 92510240 ms: VkFFT plan begin length=2430000 batches=1
GPU startup 92510358 ms: VkFFT plan complete result=0
GPU startup 92510361 ms: clutter pipeline complete
GPU allocation budget used=561936080 peak=561937040 limit=2147483648
GPU startup 92510361 ms: backend ready
Acceleration: Vulkan / AMD Radeon 8060S Graphics (RADV STRIX_HALO)
