GPU startup 92371646 ms: vkCreateInstance begin
GPU startup 92371659 ms: vkCreateInstance complete
GPU startup 92371659 ms: device enumeration begin
GPU startup 92371676 ms: device enumeration complete
GPU startup 92371676 ms: AMD Radeon 8060S Graphics (RADV STRIX_HALO)
GPU startup 92371676 ms: vkCreateDevice begin
GPU startup 92371677 ms: vkCreateDevice complete
GPU startup 92371677 ms: glslang initialization begin
GPU startup 92371677 ms: glslang initialization complete
GPU startup 92371677 ms: buffer allocations begin
GPU startup 92371677 ms: direct mapped device memory selected
GPU startup 92371677 ms: buffer allocations complete
GPU startup 92371677 ms: VkFFT plan begin length=3000 batches=321
GPU startup 92371741 ms: VkFFT plan complete result=0
GPU startup 92371741 ms: VkFFT plan begin length=3000 batches=321
GPU startup 92371766 ms: VkFFT plan complete result=0
GPU startup 92371766 ms: VkFFT plan begin length=321 batches=256
GPU startup 92371840 ms: VkFFT plan complete result=0
GPU startup 92371840 ms: multiply kernel begin
GPU startup 92371841 ms: gather kernel begin
GPU startup 92371842 ms: clutter pipeline begin
GPU startup 92371842 ms: VkFFT plan begin length=480000 batches=1
GPU startup 92371889 ms: VkFFT plan complete result=0
GPU startup 92371889 ms: VkFFT plan begin length=480000 batches=1
GPU startup 92371936 ms: VkFFT plan complete result=0
GPU startup 92371936 ms: VkFFT plan begin length=480000 batches=1
GPU startup 92371983 ms: VkFFT plan complete result=0
GPU startup 92371983 ms: VkFFT plan begin length=480000 batches=1
GPU startup 92372030 ms: VkFFT plan complete result=0
GPU startup 92372030 ms: VkFFT plan begin length=486000 batches=1
GPU startup 92372101 ms: VkFFT plan complete result=0
GPU startup 92372101 ms: VkFFT plan begin length=486000 batches=1
GPU startup 92372172 ms: VkFFT plan complete result=0
GPU startup 92372172 ms: VkFFT plan begin length=486000 batches=1
GPU startup 92372244 ms: VkFFT plan complete result=0
GPU startup 92372247 ms: clutter pipeline complete
GPU allocation budget used=112596976 peak=112602256 limit=2147483648
GPU startup 92372247 ms: backend ready
Acceleration: Vulkan / AMD Radeon 8060S Graphics (RADV STRIX_HALO)
