GPU startup 92415769 ms: vkCreateInstance begin
GPU startup 92415781 ms: vkCreateInstance complete
GPU startup 92415781 ms: device enumeration begin
GPU startup 92415793 ms: device enumeration complete
GPU startup 92415793 ms: AMD Radeon 8060S Graphics (RADV STRIX_HALO)
GPU startup 92415793 ms: vkCreateDevice begin
GPU startup 92415794 ms: vkCreateDevice complete
GPU startup 92415794 ms: glslang initialization begin
GPU startup 92415794 ms: glslang initialization complete
GPU startup 92415794 ms: buffer allocations begin
GPU startup 92415794 ms: direct mapped device memory selected
GPU startup 92415794 ms: buffer allocations complete
GPU startup 92415794 ms: VkFFT plan begin length=1000 batches=961
GPU startup 92415854 ms: VkFFT plan complete result=0
GPU startup 92415854 ms: VkFFT plan begin length=1000 batches=961
GPU startup 92415874 ms: VkFFT plan complete result=0
GPU startup 92415874 ms: VkFFT plan begin length=961 batches=256
GPU startup 92415915 ms: VkFFT plan complete result=0
GPU startup 92415915 ms: multiply kernel begin
GPU startup 92415916 ms: gather kernel begin
GPU startup 92415917 ms: clutter pipeline begin
GPU startup 92415917 ms: VkFFT plan begin length=480000 batches=1
GPU startup 92415966 ms: VkFFT plan complete result=0
GPU startup 92415966 ms: VkFFT plan begin length=480000 batches=1
GPU startup 92416014 ms: VkFFT plan complete result=0
GPU startup 92416014 ms: VkFFT plan begin length=480000 batches=1
GPU startup 92416061 ms: VkFFT plan complete result=0
GPU startup 92416061 ms: VkFFT plan begin length=480000 batches=1
GPU startup 92416107 ms: VkFFT plan complete result=0
GPU startup 92416107 ms: VkFFT plan begin length=486000 batches=1
GPU startup 92416178 ms: VkFFT plan complete result=0
GPU startup 92416178 ms: VkFFT plan begin length=486000 batches=1
GPU startup 92416249 ms: VkFFT plan complete result=0
GPU startup 92416249 ms: VkFFT plan begin length=486000 batches=1
GPU startup 92416322 ms: VkFFT plan complete result=0
GPU startup 92416324 ms: clutter pipeline complete
GPU allocation budget used=113865712 peak=113870992 limit=2147483648
GPU startup 92416324 ms: backend ready
Acceleration: Vulkan / AMD Radeon 8060S Graphics (RADV STRIX_HALO)
