GPU startup 92411040 ms: vkCreateInstance begin
GPU startup 92411052 ms: vkCreateInstance complete
GPU startup 92411052 ms: device enumeration begin
GPU startup 92411063 ms: device enumeration complete
GPU startup 92411063 ms: AMD Radeon 8060S Graphics (RADV STRIX_HALO)
GPU startup 92411063 ms: vkCreateDevice begin
GPU startup 92411063 ms: vkCreateDevice complete
GPU startup 92411063 ms: glslang initialization begin
GPU startup 92411063 ms: glslang initialization complete
GPU startup 92411063 ms: buffer allocations begin
GPU startup 92411063 ms: direct mapped device memory selected
GPU startup 92411063 ms: buffer allocations complete
GPU startup 92411063 ms: VkFFT plan begin length=1000 batches=961
GPU startup 92411123 ms: VkFFT plan complete result=0
GPU startup 92411123 ms: VkFFT plan begin length=1000 batches=961
GPU startup 92411143 ms: VkFFT plan complete result=0
GPU startup 92411143 ms: VkFFT plan begin length=961 batches=256
GPU startup 92411185 ms: VkFFT plan complete result=0
GPU startup 92411185 ms: multiply kernel begin
GPU startup 92411186 ms: gather kernel begin
GPU startup 92411187 ms: clutter pipeline begin
GPU startup 92411187 ms: VkFFT plan begin length=480000 batches=1
GPU startup 92411235 ms: VkFFT plan complete result=0
GPU startup 92411235 ms: VkFFT plan begin length=480000 batches=1
GPU startup 92411282 ms: VkFFT plan complete result=0
GPU startup 92411282 ms: VkFFT plan begin length=480000 batches=1
GPU startup 92411329 ms: VkFFT plan complete result=0
GPU startup 92411329 ms: VkFFT plan begin length=480000 batches=1
GPU startup 92411376 ms: VkFFT plan complete result=0
GPU startup 92411376 ms: VkFFT plan begin length=486000 batches=1
GPU startup 92411448 ms: VkFFT plan complete result=0
GPU startup 92411448 ms: VkFFT plan begin length=486000 batches=1
GPU startup 92411521 ms: VkFFT plan complete result=0
GPU startup 92411521 ms: VkFFT plan begin length=486000 batches=1
GPU startup 92411592 ms: VkFFT plan complete result=0
GPU startup 92411595 ms: clutter pipeline complete
GPU allocation budget used=113865712 peak=113870992 limit=2147483648
GPU startup 92411595 ms: backend ready
Acceleration: Vulkan / AMD Radeon 8060S Graphics (RADV STRIX_HALO)
