GPU startup 92347815 ms: vkCreateInstance begin
GPU startup 92347826 ms: vkCreateInstance complete
GPU startup 92347826 ms: device enumeration begin
GPU startup 92347835 ms: device enumeration complete
GPU startup 92347835 ms: AMD Radeon 8060S Graphics (RADV STRIX_HALO)
GPU startup 92347835 ms: vkCreateDevice begin
GPU startup 92347835 ms: vkCreateDevice complete
GPU startup 92347835 ms: glslang initialization begin
GPU startup 92347835 ms: glslang initialization complete
GPU startup 92347835 ms: buffer allocations begin
GPU startup 92347835 ms: persistent staging selected
GPU startup 92347835 ms: buffer allocations complete
GPU startup 92347835 ms: VkFFT plan begin length=8 batches=4
GPU startup 92347881 ms: VkFFT plan complete result=0
GPU startup 92347881 ms: VkFFT plan begin length=8 batches=12
GPU startup 92347889 ms: VkFFT plan complete result=0
GPU startup 92347889 ms: VkFFT plan begin length=4 batches=6
GPU startup 92347894 ms: VkFFT plan complete result=0
GPU startup 92347894 ms: multiply kernel begin
GPU startup 92347895 ms: gather kernel begin
GPU startup 92347896 ms: clutter pipeline begin
GPU startup 92347896 ms: clutter persistent staging selected
GPU startup 92347896 ms: VkFFT plan begin length=256 batches=1
GPU startup 92347911 ms: VkFFT plan complete result=0
GPU startup 92347911 ms: VkFFT plan begin length=256 batches=3
GPU startup 92347927 ms: VkFFT plan complete result=0
GPU startup 92347927 ms: VkFFT plan begin length=256 batches=1
GPU startup 92347941 ms: VkFFT plan complete result=0
GPU startup 92347941 ms: VkFFT plan begin length=256 batches=3
GPU startup 92347956 ms: VkFFT plan complete result=0
GPU startup 92347956 ms: VkFFT plan begin length=270 batches=1
GPU startup 92347969 ms: VkFFT plan complete result=0
GPU startup 92347969 ms: VkFFT plan begin length=270 batches=3
GPU startup 92347984 ms: VkFFT plan complete result=0
GPU startup 92347984 ms: VkFFT plan begin length=270 batches=3
GPU startup 92347999 ms: VkFFT plan complete result=0
GPU startup 92348002 ms: clutter pipeline complete
GPU allocation budget used=66112 peak=68240 limit=2147483648
GPU startup 92348002 ms: backend ready
GPU startup 92348012 ms: vkCreateInstance begin
GPU startup 92348024 ms: vkCreateInstance complete
GPU startup 92348024 ms: device enumeration begin
GPU startup 92348030 ms: device enumeration complete
GPU startup 92348030 ms: AMD Radeon 8060S Graphics (RADV STRIX_HALO)
GPU startup 92348030 ms: vkCreateDevice begin
GPU startup 92348030 ms: vkCreateDevice complete
GPU startup 92348030 ms: glslang initialization begin
GPU startup 92348030 ms: glslang initialization complete
GPU startup 92348030 ms: buffer allocations begin
GPU startup 92348030 ms: persistent staging selected
GPU startup 92348030 ms: buffer allocations complete
GPU startup 92348030 ms: VkFFT plan begin length=8 batches=4
GPU startup 92348077 ms: VkFFT plan complete result=0
GPU startup 92348077 ms: VkFFT plan begin length=8 batches=12
GPU startup 92348085 ms: VkFFT plan complete result=0
GPU startup 92348085 ms: VkFFT plan begin length=4 batches=6
GPU startup 92348089 ms: VkFFT plan complete result=0
GPU startup 92348089 ms: multiply kernel begin
GPU startup 92348090 ms: gather kernel begin
GPU startup 92348091 ms: clutter pipeline begin
GPU startup 92348091 ms: clutter persistent staging selected
GPU startup 92348091 ms: VkFFT plan begin length=256 batches=1
GPU startup 92348105 ms: VkFFT plan complete result=0
GPU startup 92348105 ms: VkFFT plan begin length=256 batches=3
GPU startup 92348121 ms: VkFFT plan complete result=0
GPU startup 92348121 ms: VkFFT plan begin length=256 batches=1
GPU startup 92348134 ms: VkFFT plan complete result=0
GPU startup 92348134 ms: VkFFT plan begin length=256 batches=3
GPU startup 92348150 ms: VkFFT plan complete result=0
GPU startup 92348150 ms: VkFFT plan begin length=270 batches=1
GPU startup 92348162 ms: VkFFT plan complete result=0
GPU startup 92348162 ms: VkFFT plan begin length=270 batches=3
GPU startup 92348177 ms: VkFFT plan complete result=0
GPU startup 92348177 ms: VkFFT plan begin length=270 batches=3
GPU startup 92348193 ms: VkFFT plan complete result=0
GPU startup 92348196 ms: clutter pipeline complete
GPU allocation budget used=66112 peak=68240 limit=2147483648
GPU startup 92348196 ms: backend ready
GPU startup 92348207 ms: vkCreateInstance begin
GPU startup 92348218 ms: vkCreateInstance complete
GPU startup 92348218 ms: device enumeration begin
GPU startup 92348223 ms: device enumeration complete
GPU startup 92348223 ms: AMD Radeon 8060S Graphics (RADV STRIX_HALO)
GPU startup 92348223 ms: vkCreateDevice begin
GPU startup 92348223 ms: vkCreateDevice complete
GPU startup 92348223 ms: glslang initialization begin
GPU startup 92348223 ms: glslang initialization complete
GPU startup 92348223 ms: buffer allocations begin
GPU startup 92348223 ms: persistent staging selected
GPU startup 92348223 ms: buffer allocations complete
GPU startup 92348223 ms: VkFFT plan begin length=8 batches=4
GPU startup 92348270 ms: VkFFT plan complete result=0
GPU startup 92348270 ms: VkFFT plan begin length=8 batches=12
GPU startup 92348278 ms: VkFFT plan complete result=0
GPU startup 92348278 ms: VkFFT plan begin length=4 batches=6
GPU startup 92348283 ms: VkFFT plan complete result=0
GPU startup 92348283 ms: multiply kernel begin
GPU startup 92348284 ms: gather kernel begin
GPU startup 92348285 ms: clutter pipeline begin
GPU startup 92348285 ms: clutter persistent staging selected
GPU startup 92348285 ms: VkFFT plan begin length=256 batches=1
GPU startup 92348298 ms: VkFFT plan complete result=0
GPU startup 92348298 ms: VkFFT plan begin length=256 batches=3
GPU startup 92348314 ms: VkFFT plan complete result=0
GPU startup 92348314 ms: VkFFT plan begin length=256 batches=1
GPU startup 92348330 ms: VkFFT plan complete result=0
GPU startup 92348330 ms: VkFFT plan begin length=256 batches=3
GPU startup 92348345 ms: VkFFT plan complete result=0
GPU startup 92348345 ms: VkFFT plan begin length=256 batches=1
GPU startup 92348360 ms: VkFFT plan complete result=0
GPU startup 92348360 ms: VkFFT plan begin length=256 batches=3
GPU startup 92348376 ms: VkFFT plan complete result=0
GPU startup 92348376 ms: VkFFT plan begin length=256 batches=3
GPU startup 92348392 ms: VkFFT plan complete result=0
GPU startup 92348395 ms: clutter pipeline complete
GPU allocation budget used=62208 peak=63424 limit=2147483648
GPU startup 92348395 ms: backend ready
PASS clutter min=-3 max=5 samples=256 device=4098:5510:0 state=checking active=cpu reason=Checking composed GPU clutter and ambiguity output
PASS clutter min=0 max=8 samples=256 device=4098:5510:0 state=checking active=cpu reason=Checking composed GPU clutter and ambiguity output
GPU clutter validation worst_channel_relative_input_rms=1.48795e-07 worst_channel_relative_filtered_rms=0.00128348
GPU startup 92348405 ms: vkCreateInstance begin
GPU startup 92348416 ms: vkCreateInstance complete
GPU startup 92348416 ms: device enumeration begin
GPU startup 92348422 ms: device enumeration complete
GPU startup 92348422 ms: AMD Radeon 8060S Graphics (RADV STRIX_HALO)
GPU startup 92348422 ms: vkCreateDevice begin
GPU startup 92348423 ms: vkCreateDevice complete
GPU startup 92348423 ms: glslang initialization begin
GPU startup 92348423 ms: glslang initialization complete
GPU startup 92348423 ms: buffer allocations begin
GPU startup 92348423 ms: persistent staging selected
GPU startup 92348423 ms: buffer allocations complete
GPU startup 92348423 ms: VkFFT plan begin length=8 batches=4
GPU startup 92348469 ms: VkFFT plan complete result=0
GPU startup 92348469 ms: VkFFT plan begin length=8 batches=12
GPU startup 92348477 ms: VkFFT plan complete result=0
GPU startup 92348477 ms: VkFFT plan begin length=4 batches=6
GPU startup 92348482 ms: VkFFT plan complete result=0
GPU startup 92348482 ms: multiply kernel begin
GPU startup 92348482 ms: gather kernel begin
GPU startup 92348483 ms: clutter pipeline begin
GPU startup 92348484 ms: clutter persistent staging selected
GPU startup 92348484 ms: VkFFT plan begin length=250 batches=1
GPU startup 92348502 ms: VkFFT plan complete result=0
GPU startup 92348502 ms: VkFFT plan begin length=250 batches=3
GPU startup 92348523 ms: VkFFT plan complete result=0
GPU startup 92348523 ms: VkFFT plan begin length=250 batches=1
GPU startup 92348541 ms: VkFFT plan complete result=0
GPU startup 92348541 ms: VkFFT plan begin length=250 batches=3
GPU startup 92348562 ms: VkFFT plan complete result=0
GPU startup 92348562 ms: VkFFT plan begin length=250 batches=1
GPU startup 92348579 ms: VkFFT plan complete result=0
GPU startup 92348579 ms: VkFFT plan begin length=250 batches=3
GPU startup 92348600 ms: VkFFT plan complete result=0
GPU startup 92348600 ms: VkFFT plan begin length=250 batches=3
GPU startup 92348622 ms: VkFFT plan complete result=0
GPU startup 92348625 ms: clutter pipeline complete
GPU allocation budget used=65936 peak=67856 limit=2147483648
GPU startup 92348625 ms: backend ready
GPU startup 92348636 ms: vkCreateInstance begin
GPU startup 92348648 ms: vkCreateInstance complete
GPU startup 92348648 ms: device enumeration begin
GPU startup 92348654 ms: device enumeration complete
GPU startup 92348654 ms: AMD Radeon 8060S Graphics (RADV STRIX_HALO)
GPU startup 92348654 ms: vkCreateDevice begin
GPU startup 92348655 ms: vkCreateDevice complete
GPU startup 92348655 ms: glslang initialization begin
GPU startup 92348655 ms: glslang initialization complete
GPU startup 92348655 ms: buffer allocations begin
GPU startup 92348655 ms: persistent staging selected
GPU startup 92348655 ms: buffer allocations complete
GPU startup 92348655 ms: VkFFT plan begin length=8 batches=4
GPU startup 92348701 ms: VkFFT plan complete result=0
GPU startup 92348701 ms: VkFFT plan begin length=8 batches=12
GPU startup 92348708 ms: VkFFT plan complete result=0
GPU startup 92348708 ms: VkFFT plan begin length=4 batches=6
GPU startup 92348713 ms: VkFFT plan complete result=0
GPU startup 92348713 ms: multiply kernel begin
GPU startup 92348714 ms: gather kernel begin
GPU startup 92348715 ms: clutter pipeline begin
GPU startup 92348715 ms: clutter persistent staging selected
GPU startup 92348715 ms: VkFFT plan begin length=256 batches=1
GPU startup 92348729 ms: VkFFT plan complete result=0
GPU startup 92348729 ms: VkFFT plan begin length=256 batches=3
GPU startup 92348744 ms: VkFFT plan complete result=0
GPU startup 92348744 ms: VkFFT plan begin length=256 batches=1
GPU startup 92348760 ms: VkFFT plan complete result=0
GPU startup 92348760 ms: VkFFT plan begin length=256 batches=3
GPU startup 92348775 ms: VkFFT plan complete result=0
GPU startup 92348775 ms: VkFFT plan begin length=270 batches=1
GPU startup 92348788 ms: VkFFT plan complete result=0
GPU startup 92348789 ms: VkFFT plan begin length=270 batches=3
GPU startup 92348804 ms: VkFFT plan complete result=0
GPU startup 92348804 ms: VkFFT plan begin length=270 batches=3
GPU startup 92348820 ms: VkFFT plan complete result=0
GPU startup 92348823 ms: clutter pipeline complete
GPU allocation budget used=66112 peak=68240 limit=2147483648
GPU startup 92348823 ms: backend ready
GPU startup 92348836 ms: vkCreateInstance begin
GPU startup 92348847 ms: vkCreateInstance complete
GPU startup 92348847 ms: device enumeration begin
GPU startup 92348852 ms: device enumeration complete
GPU startup 92348852 ms: AMD Radeon 8060S Graphics (RADV STRIX_HALO)
GPU startup 92348852 ms: vkCreateDevice begin
GPU startup 92348853 ms: vkCreateDevice complete
GPU startup 92348853 ms: glslang initialization begin
GPU startup 92348853 ms: glslang initialization complete
GPU startup 92348853 ms: buffer allocations begin
GPU startup 92348853 ms: persistent staging selected
GPU startup 92348853 ms: buffer allocations complete
GPU startup 92348853 ms: VkFFT plan begin length=8 batches=4
GPU startup 92348898 ms: VkFFT plan complete result=0
GPU startup 92348898 ms: VkFFT plan begin length=8 batches=12
GPU startup 92348906 ms: VkFFT plan complete result=0
GPU startup 92348906 ms: VkFFT plan begin length=4 batches=6
GPU startup 92348911 ms: VkFFT plan complete result=0
GPU startup 92348911 ms: multiply kernel begin
GPU startup 92348912 ms: gather kernel begin
GPU startup 92348913 ms: clutter pipeline begin
GPU startup 92348913 ms: clutter persistent staging selected
GPU startup 92348913 ms: VkFFT plan begin length=64 batches=1
GPU startup 92348924 ms: VkFFT plan complete result=0
GPU startup 92348924 ms: VkFFT plan begin length=64 batches=3
GPU startup 92348937 ms: VkFFT plan complete result=0
GPU startup 92348937 ms: VkFFT plan begin length=64 batches=1
GPU startup 92348947 ms: VkFFT plan complete result=0
GPU startup 92348947 ms: VkFFT plan begin length=64 batches=3
GPU startup 92348962 ms: VkFFT plan complete result=0
GPU startup 92348962 ms: VkFFT plan begin length=128 batches=1
GPU startup 92348975 ms: VkFFT plan complete result=0
GPU startup 92348975 ms: VkFFT plan begin length=128 batches=3
GPU startup 92348992 ms: VkFFT plan complete result=0
GPU startup 92348992 ms: VkFFT plan begin length=128 batches=3
GPU startup 92349007 ms: VkFFT plan complete result=0
GPU startup 92349010 ms: clutter pipeline complete
GPU allocation budget used=25280 peak=25984 limit=2147483648
GPU startup 92349010 ms: backend ready
GPU startup 92349022 ms: vkCreateInstance begin
GPU startup 92349034 ms: vkCreateInstance complete
GPU startup 92349034 ms: device enumeration begin
GPU startup 92349042 ms: device enumeration complete
GPU startup 92349042 ms: AMD Radeon 8060S Graphics (RADV STRIX_HALO)
GPU startup 92349042 ms: vkCreateDevice begin
GPU startup 92349042 ms: vkCreateDevice complete
GPU startup 92349042 ms: glslang initialization begin
GPU startup 92349042 ms: glslang initialization complete
GPU startup 92349042 ms: buffer allocations begin
GPU startup 92349042 ms: persistent staging selected
GPU startup 92349042 ms: buffer allocations complete
GPU startup 92349042 ms: VkFFT plan begin length=8 batches=4
GPU startup 92349088 ms: VkFFT plan complete result=0
GPU startup 92349088 ms: VkFFT plan begin length=8 batches=8
GPU startup 92349096 ms: VkFFT plan complete result=0
GPU startup 92349096 ms: VkFFT plan begin length=4 batches=4
GPU startup 92349100 ms: VkFFT plan complete result=0
GPU startup 92349100 ms: multiply kernel begin
GPU startup 92349101 ms: gather kernel begin
GPU startup 92349102 ms: clutter pipeline begin
GPU startup 92349102 ms: clutter persistent staging selected
GPU startup 92349102 ms: VkFFT plan begin length=64 batches=1
GPU startup 92349113 ms: VkFFT plan complete result=0
GPU startup 92349113 ms: VkFFT plan begin length=64 batches=2
GPU startup 92349126 ms: VkFFT plan complete result=0
GPU startup 92349126 ms: VkFFT plan begin length=64 batches=1
GPU startup 92349136 ms: VkFFT plan complete result=0
GPU startup 92349136 ms: VkFFT plan begin length=64 batches=2
GPU startup 92349149 ms: VkFFT plan complete result=0
GPU startup 92349149 ms: VkFFT plan begin length=72 batches=1
GPU startup 92349165 ms: VkFFT plan complete result=0
GPU startup 92349165 ms: VkFFT plan begin length=72 batches=2
GPU startup 92349185 ms: VkFFT plan complete result=0
GPU startup 92349185 ms: VkFFT plan begin length=72 batches=2
GPU startup 92349205 ms: VkFFT plan complete result=0
GPU startup 92349208 ms: clutter pipeline complete
GPU allocation budget used=13696 peak=14176 limit=2147483648
GPU startup 92349208 ms: backend ready
PASS clutter min=0 max=1 samples=256 device=4098:5510:0 state=fallback active=cpu reason=GPU clutter accuracy check failed; using CPU clutter
PASS clutter min=3 max=4 samples=250 device=4098:5510:0 state=checking active=cpu reason=Checking composed GPU clutter and ambiguity output
PASS clutter min=3 max=11 samples=256 device=4098:5510:0 state=checking active=cpu reason=Checking composed GPU clutter and ambiguity output
PASS clutter min=-31 max=33 samples=64 device=4098:5510:0 state=checking active=cpu reason=Checking composed GPU clutter and ambiguity output
Chol decomposition failed, skip clutter filter
Chol decomposition failed, skip clutter filter
GPU startup 92349217 ms: vkCreateInstance begin
GPU startup 92349229 ms: vkCreateInstance complete
GPU startup 92349229 ms: device enumeration begin
GPU startup 92349238 ms: device enumeration complete
GPU startup 92349238 ms: AMD Radeon 8060S Graphics (RADV STRIX_HALO)
GPU startup 92349238 ms: vkCreateDevice begin
GPU startup 92349238 ms: vkCreateDevice complete
GPU startup 92349238 ms: glslang initialization begin
GPU startup 92349238 ms: glslang initialization complete
GPU startup 92349238 ms: buffer allocations begin
GPU startup 92349238 ms: persistent staging selected
GPU startup 92349238 ms: buffer allocations complete
GPU startup 92349238 ms: VkFFT plan begin length=480 batches=21
GPU startup 92349301 ms: VkFFT plan complete result=0
GPU startup 92349301 ms: VkFFT plan begin length=480 batches=42
GPU startup 92349324 ms: VkFFT plan complete result=0
GPU startup 92349324 ms: VkFFT plan begin length=21 batches=52
GPU startup 92349335 ms: VkFFT plan complete result=0
GPU startup 92349335 ms: multiply kernel begin
GPU startup 92349336 ms: gather kernel begin
GPU startup 92349337 ms: clutter pipeline begin
GPU startup 92349337 ms: clutter persistent staging selected
GPU startup 92349337 ms: VkFFT plan begin length=4800 batches=1
GPU startup 92349365 ms: VkFFT plan complete result=0
GPU startup 92349365 ms: VkFFT plan begin length=4800 batches=2
GPU startup 92349392 ms: VkFFT plan complete result=0
GPU startup 92349392 ms: VkFFT plan begin length=4800 batches=1
GPU startup 92349418 ms: VkFFT plan complete result=0
GPU startup 92349418 ms: VkFFT plan begin length=4800 batches=2
GPU startup 92349444 ms: VkFFT plan complete result=0
GPU startup 92349444 ms: VkFFT plan begin length=4860 batches=1
GPU startup 92349476 ms: VkFFT plan complete result=0
GPU startup 92349476 ms: VkFFT plan begin length=4860 batches=2
GPU startup 92349508 ms: VkFFT plan complete result=0
GPU startup 92349508 ms: VkFFT plan begin length=4860 batches=2
GPU startup 92349540 ms: VkFFT plan complete result=0
GPU startup 92349543 ms: clutter pipeline complete
GPU allocation budget used=1426656 peak=1465504 limit=2147483648
GPU startup 92349543 ms: backend ready
PASS clutter-rank-deficient device=4098:5510:0
Acceleration: Vulkan / AMD Radeon 8060S Graphics (RADV STRIX_HALO)
GPU composed validation relative_rms=8.49218e-05 relative_peak=0.000337122
PASS clutter-composed device=4098:5510:0 clutter_active=cpu clutter_reason=Composed GPU clutter/ambiguity accuracy check failed; using CPU clutter
